[0.115s] [34mcolcon[0m [1;30mDEBUG[0m [32mCommand line arguments: ['/usr/bin/colcon', 'build'][0m
[0.115s] [34mcolcon[0m [1;30mDEBUG[0m [32mParsed command line arguments: Namespace(log_base=None, log_level=None, verb_name='build', build_base='build', install_base='install', merge_install=False, symlink_install=False, test_result_base=None, continue_on_error=False, executor='parallel', parallel_workers=12, event_handlers=None, ignore_user_meta=False, metas=['./colcon.meta'], base_paths=['.'], packages_ignore=None, packages_ignore_regex=None, paths=None, packages_up_to=None, packages_up_to_regex=None, packages_above=None, packages_above_and_dependencies=None, packages_above_depth=None, packages_select_by_dep=None, packages_skip_by_dep=None, packages_skip_up_to=None, packages_select_build_failed=False, packages_skip_build_finished=False, packages_select_test_failures=False, packages_skip_test_passed=False, packages_select=None, packages_skip=None, packages_select_regex=None, packages_skip_regex=None, packages_start=None, packages_end=None, allow_overriding=[], cmake_args=None, cmake_target=None, cmake_target_skip_unavailable=False, cmake_clean_cache=False, cmake_clean_first=False, cmake_force_configure=False, ament_cmake_args=None, catkin_cmake_args=None, catkin_skip_building_tests=False, verb_parser=<colcon_defaults.argument_parser.defaults.DefaultArgumentsDecorator object at 0x75390b643c70>, verb_extension=<colcon_core.verb.build.BuildVerb object at 0x75390b6436a0>, main=<bound method BuildVerb.main of <colcon_core.verb.build.BuildVerb object at 0x75390b6436a0>>)[0m
[0.388s] [34mcolcon.colcon_core.package_discovery[0m [1;30mLevel 1[0m discover_packages(colcon_meta) check parameters
[0.388s] [34mcolcon.colcon_core.package_discovery[0m [1;30mLevel 1[0m discover_packages(recursive) check parameters
[0.388s] [34mcolcon.colcon_core.package_discovery[0m [1;30mLevel 1[0m discover_packages(ignore) check parameters
[0.388s] [34mcolcon.colcon_core.package_discovery[0m [1;30mLevel 1[0m discover_packages(path) check parameters
[0.388s] [34mcolcon.colcon_core.package_discovery[0m [1;30mLevel 1[0m discover_packages(colcon_meta) discover
[0.388s] [34mcolcon.colcon_core.package_discovery[0m [1;30mLevel 1[0m discover_packages(recursive) discover
[0.388s] [34mcolcon.colcon_core.package_discovery[0m [1;30mINFO[0m Crawling recursively for packages in '/home/mufsir/Mufsir/IISC/ardurover_ws'
[0.388s] [34mcolcon.colcon_core.package_identification[0m [1;30mLevel 1[0m _identify(.) by extensions ['ignore', 'ignore_ament_install']
[0.388s] [34mcolcon.colcon_core.package_identification[0m [1;30mLevel 1[0m _identify(.) by extension 'ignore'
[0.389s] [34mcolcon.colcon_core.package_identification[0m [1;30mLevel 1[0m _identify(.) by extension 'ignore_ament_install'
[0.389s] [34mcolcon.colcon_core.package_identification[0m [1;30mLevel 1[0m _identify(.) by extensions ['colcon_pkg']
[0.389s] [34mcolcon.colcon_core.package_identification[0m [1;30mLevel 1[0m _identify(.) by extension 'colcon_pkg'
[0.389s] [34mcolcon.colcon_core.package_identification[0m [1;30mLevel 1[0m _identify(.) by extensions ['colcon_meta']
[0.389s] [34mcolcon.colcon_core.package_identification[0m [1;30mLevel 1[0m _identify(.) by extension 'colcon_meta'
[0.389s] [34mcolcon.colcon_core.package_identification[0m [1;30mLevel 1[0m _identify(.) by extensions ['ros']
[0.389s] [34mcolcon.colcon_core.package_identification[0m [1;30mLevel 1[0m _identify(.) by extension 'ros'
[0.398s] [34mcolcon.colcon_core.package_identification[0m [1;30mLevel 1[0m _identify(.) by extensions ['cmake', 'python']
[0.398s] [34mcolcon.colcon_core.package_identification[0m [1;30mLevel 1[0m _identify(.) by extension 'cmake'
[0.398s] [34mcolcon.colcon_core.package_identification[0m [1;30mLevel 1[0m _identify(.) by extension 'python'
[0.398s] [34mcolcon.colcon_core.package_identification[0m [1;30mLevel 1[0m _identify(.) by extensions ['python_setup_py']
[0.398s] [34mcolcon.colcon_core.package_identification[0m [1;30mLevel 1[0m _identify(.) by extension 'python_setup_py'
[0.399s] [34mcolcon.colcon_core.package_identification[0m [1;30mLevel 1[0m _identify(build) by extensions ['ignore', 'ignore_ament_install']
[0.399s] [34mcolcon.colcon_core.package_identification[0m [1;30mLevel 1[0m _identify(build) by extension 'ignore'
[0.399s] [34mcolcon.colcon_core.package_identification[0m [1;30mLevel 1[0m _identify(build) ignored
[0.399s] [34mcolcon.colcon_core.package_identification[0m [1;30mLevel 1[0m _identify(install) by extensions ['ignore', 'ignore_ament_install']
[0.399s] [34mcolcon.colcon_core.package_identification[0m [1;30mLevel 1[0m _identify(install) by extension 'ignore'
[0.399s] [34mcolcon.colcon_core.package_identification[0m [1;30mLevel 1[0m _identify(install) ignored
[0.399s] [34mcolcon.colcon_core.package_identification[0m [1;30mLevel 1[0m _identify(log) by extensions ['ignore', 'ignore_ament_install']
[0.399s] [34mcolcon.colcon_core.package_identification[0m [1;30mLevel 1[0m _identify(log) by extension 'ignore'
[0.399s] [34mcolcon.colcon_core.package_identification[0m [1;30mLevel 1[0m _identify(log) ignored
[0.399s] [34mcolcon.colcon_core.package_identification[0m [1;30mLevel 1[0m _identify(src) by extensions ['ignore', 'ignore_ament_install']
[0.399s] [34mcolcon.colcon_core.package_identification[0m [1;30mLevel 1[0m _identify(src) by extension 'ignore'
[0.399s] [34mcolcon.colcon_core.package_identification[0m [1;30mLevel 1[0m _identify(src) by extension 'ignore_ament_install'
[0.399s] [34mcolcon.colcon_core.package_identification[0m [1;30mLevel 1[0m _identify(src) by extensions ['colcon_pkg']
[0.399s] [34mcolcon.colcon_core.package_identification[0m [1;30mLevel 1[0m _identify(src) by extension 'colcon_pkg'
[0.399s] [34mcolcon.colcon_core.package_identification[0m [1;30mLevel 1[0m _identify(src) by extensions ['colcon_meta']
[0.399s] [34mcolcon.colcon_core.package_identification[0m [1;30mLevel 1[0m _identify(src) by extension 'colcon_meta'
[0.399s] [34mcolcon.colcon_core.package_identification[0m [1;30mLevel 1[0m _identify(src) by extensions ['ros']
[0.400s] [34mcolcon.colcon_core.package_identification[0m [1;30mLevel 1[0m _identify(src) by extension 'ros'
[0.400s] [34mcolcon.colcon_core.package_identification[0m [1;30mLevel 1[0m _identify(src) by extensions ['cmake', 'python']
[0.400s] [34mcolcon.colcon_core.package_identification[0m [1;30mLevel 1[0m _identify(src) by extension 'cmake'
[0.400s] [34mcolcon.colcon_core.package_identification[0m [1;30mLevel 1[0m _identify(src) by extension 'python'
[0.400s] [34mcolcon.colcon_core.package_identification[0m [1;30mLevel 1[0m _identify(src) by extensions ['python_setup_py']
[0.400s] [34mcolcon.colcon_core.package_identification[0m [1;30mLevel 1[0m _identify(src) by extension 'python_setup_py'
[0.400s] [34mcolcon.colcon_core.package_identification[0m [1;30mLevel 1[0m _identify(src/ardurover_hitl) by extensions ['ignore', 'ignore_ament_install']
[0.400s] [34mcolcon.colcon_core.package_identification[0m [1;30mLevel 1[0m _identify(src/ardurover_hitl) by extension 'ignore'
[0.400s] [34mcolcon.colcon_core.package_identification[0m [1;30mLevel 1[0m _identify(src/ardurover_hitl) by extension 'ignore_ament_install'
[0.400s] [34mcolcon.colcon_core.package_identification[0m [1;30mLevel 1[0m _identify(src/ardurover_hitl) by extensions ['colcon_pkg']
[0.400s] [34mcolcon.colcon_core.package_identification[0m [1;30mLevel 1[0m _identify(src/ardurover_hitl) by extension 'colcon_pkg'
[0.400s] [34mcolcon.colcon_core.package_identification[0m [1;30mLevel 1[0m _identify(src/ardurover_hitl) by extensions ['colcon_meta']
[0.400s] [34mcolcon.colcon_core.package_identification[0m [1;30mLevel 1[0m _identify(src/ardurover_hitl) by extension 'colcon_meta'
[0.400s] [34mcolcon.colcon_core.package_identification[0m [1;30mLevel 1[0m _identify(src/ardurover_hitl) by extensions ['ros']
[0.400s] [34mcolcon.colcon_core.package_identification[0m [1;30mLevel 1[0m _identify(src/ardurover_hitl) by extension 'ros'
[0.438s] [34mcolcon.colcon_core.package_identification[0m [1;30mDEBUG[0m [32mPackage 'src/ardurover_hitl' with type 'ros.ament_python' and name 'ardurover_hitl'[0m
[0.438s] [34mcolcon.colcon_core.package_identification[0m [1;30mLevel 1[0m _identify(src/hybrid_navigation) by extensions ['ignore', 'ignore_ament_install']
[0.438s] [34mcolcon.colcon_core.package_identification[0m [1;30mLevel 1[0m _identify(src/hybrid_navigation) by extension 'ignore'
[0.438s] [34mcolcon.colcon_core.package_identification[0m [1;30mLevel 1[0m _identify(src/hybrid_navigation) by extension 'ignore_ament_install'
[0.438s] [34mcolcon.colcon_core.package_identification[0m [1;30mLevel 1[0m _identify(src/hybrid_navigation) by extensions ['colcon_pkg']
[0.438s] [34mcolcon.colcon_core.package_identification[0m [1;30mLevel 1[0m _identify(src/hybrid_navigation) by extension 'colcon_pkg'
[0.438s] [34mcolcon.colcon_core.package_identification[0m [1;30mLevel 1[0m _identify(src/hybrid_navigation) by extensions ['colcon_meta']
[0.438s] [34mcolcon.colcon_core.package_identification[0m [1;30mLevel 1[0m _identify(src/hybrid_navigation) by extension 'colcon_meta'
[0.438s] [34mcolcon.colcon_core.package_identification[0m [1;30mLevel 1[0m _identify(src/hybrid_navigation) by extensions ['ros']
[0.438s] [34mcolcon.colcon_core.package_identification[0m [1;30mLevel 1[0m _identify(src/hybrid_navigation) by extension 'ros'
[0.439s] [34mcolcon.colcon_core.package_identification[0m [1;30mDEBUG[0m [32mPackage 'src/hybrid_navigation' with type 'ros.ament_python' and name 'hybrid_navigation'[0m
[0.439s] [34mcolcon.colcon_core.package_discovery[0m [1;30mLevel 1[0m discover_packages(recursive) using defaults
[0.439s] [34mcolcon.colcon_core.package_discovery[0m [1;30mLevel 1[0m discover_packages(ignore) discover
[0.439s] [34mcolcon.colcon_core.package_discovery[0m [1;30mLevel 1[0m discover_packages(ignore) using defaults
[0.439s] [34mcolcon.colcon_core.package_discovery[0m [1;30mLevel 1[0m discover_packages(path) discover
[0.439s] [34mcolcon.colcon_core.package_discovery[0m [1;30mLevel 1[0m discover_packages(path) using defaults
[0.454s] [34mcolcon.colcon_core.package_discovery[0m [1;30mLevel 1[0m discover_packages(prefix_path) check parameters
[0.454s] [34mcolcon.colcon_core.package_discovery[0m [1;30mLevel 1[0m discover_packages(prefix_path) discover
[0.456s] [34mcolcon.colcon_installed_package_information.package_discovery[0m [1;30mDEBUG[0m [32mFound 4 installed packages in /home/mufsir/gps_nav_ws/install[0m
[0.457s] [34mcolcon.colcon_installed_package_information.package_discovery[0m [1;30mDEBUG[0m [32mFound 382 installed packages in /opt/ros/humble[0m
[0.459s] [34mcolcon.colcon_core.package_discovery[0m [1;30mLevel 1[0m discover_packages(prefix_path) using defaults
[0.500s] [34mcolcon.colcon_core.verb[0m [1;30mLevel 5[0m set package 'ardurover_hitl' build argument 'cmake_args' from command line to 'None'
[0.501s] [34mcolcon.colcon_core.verb[0m [1;30mLevel 5[0m set package 'ardurover_hitl' build argument 'cmake_target' from command line to 'None'
[0.501s] [34mcolcon.colcon_core.verb[0m [1;30mLevel 5[0m set package 'ardurover_hitl' build argument 'cmake_target_skip_unavailable' from command line to 'False'
[0.501s] [34mcolcon.colcon_core.verb[0m [1;30mLevel 5[0m set package 'ardurover_hitl' build argument 'cmake_clean_cache' from command line to 'False'
[0.501s] [34mcolcon.colcon_core.verb[0m [1;30mLevel 5[0m set package 'ardurover_hitl' build argument 'cmake_clean_first' from command line to 'False'
[0.501s] [34mcolcon.colcon_core.verb[0m [1;30mLevel 5[0m set package 'ardurover_hitl' build argument 'cmake_force_configure' from command line to 'False'
[0.501s] [34mcolcon.colcon_core.verb[0m [1;30mLevel 5[0m set package 'ardurover_hitl' build argument 'ament_cmake_args' from command line to 'None'
[0.501s] [34mcolcon.colcon_core.verb[0m [1;30mLevel 5[0m set package 'ardurover_hitl' build argument 'catkin_cmake_args' from command line to 'None'
[0.501s] [34mcolcon.colcon_core.verb[0m [1;30mLevel 5[0m set package 'ardurover_hitl' build argument 'catkin_skip_building_tests' from command line to 'False'
[0.501s] [34mcolcon.colcon_core.verb[0m [1;30mDEBUG[0m [32mBuilding package 'ardurover_hitl' with the following arguments: {'ament_cmake_args': None, 'build_base': '/home/mufsir/Mufsir/IISC/ardurover_ws/build/ardurover_hitl', 'catkin_cmake_args': None, 'catkin_skip_building_tests': False, 'cmake_args': None, 'cmake_clean_cache': False, 'cmake_clean_first': False, 'cmake_force_configure': False, 'cmake_target': None, 'cmake_target_skip_unavailable': False, 'install_base': '/home/mufsir/Mufsir/IISC/ardurover_ws/install/ardurover_hitl', 'merge_install': False, 'path': '/home/mufsir/Mufsir/IISC/ardurover_ws/src/ardurover_hitl', 'symlink_install': False, 'test_result_base': None}[0m
[0.501s] [34mcolcon.colcon_core.verb[0m [1;30mLevel 5[0m set package 'hybrid_navigation' build argument 'cmake_args' from command line to 'None'
[0.501s] [34mcolcon.colcon_core.verb[0m [1;30mLevel 5[0m set package 'hybrid_navigation' build argument 'cmake_target' from command line to 'None'
[0.501s] [34mcolcon.colcon_core.verb[0m [1;30mLevel 5[0m set package 'hybrid_navigation' build argument 'cmake_target_skip_unavailable' from command line to 'False'
[0.501s] [34mcolcon.colcon_core.verb[0m [1;30mLevel 5[0m set package 'hybrid_navigation' build argument 'cmake_clean_cache' from command line to 'False'
[0.501s] [34mcolcon.colcon_core.verb[0m [1;30mLevel 5[0m set package 'hybrid_navigation' build argument 'cmake_clean_first' from command line to 'False'
[0.501s] [34mcolcon.colcon_core.verb[0m [1;30mLevel 5[0m set package 'hybrid_navigation' build argument 'cmake_force_configure' from command line to 'False'
[0.501s] [34mcolcon.colcon_core.verb[0m [1;30mLevel 5[0m set package 'hybrid_navigation' build argument 'ament_cmake_args' from command line to 'None'
[0.501s] [34mcolcon.colcon_core.verb[0m [1;30mLevel 5[0m set package 'hybrid_navigation' build argument 'catkin_cmake_args' from command line to 'None'
[0.501s] [34mcolcon.colcon_core.verb[0m [1;30mLevel 5[0m set package 'hybrid_navigation' build argument 'catkin_skip_building_tests' from command line to 'False'
[0.501s] [34mcolcon.colcon_core.verb[0m [1;30mDEBUG[0m [32mBuilding package 'hybrid_navigation' with the following arguments: {'ament_cmake_args': None, 'build_base': '/home/mufsir/Mufsir/IISC/ardurover_ws/build/hybrid_navigation', 'catkin_cmake_args': None, 'catkin_skip_building_tests': False, 'cmake_args': None, 'cmake_clean_cache': False, 'cmake_clean_first': False, 'cmake_force_configure': False, 'cmake_target': None, 'cmake_target_skip_unavailable': False, 'install_base': '/home/mufsir/Mufsir/IISC/ardurover_ws/install/hybrid_navigation', 'merge_install': False, 'path': '/home/mufsir/Mufsir/IISC/ardurover_ws/src/hybrid_navigation', 'symlink_install': False, 'test_result_base': None}[0m
[0.501s] [34mcolcon.colcon_core.executor[0m [1;30mINFO[0m Executing jobs using 'parallel' executor
[0.502s] [34mcolcon.colcon_parallel_executor.executor.parallel[0m [1;30mDEBUG[0m [32mrun_until_complete[0m
[0.502s] [34mcolcon.colcon_ros.task.ament_python.build[0m [1;30mINFO[0m Building ROS package in '/home/mufsir/Mufsir/IISC/ardurover_ws/src/ardurover_hitl' with build type 'ament_python'
[0.503s] [34mcolcon.colcon_core.shell[0m [1;30mLevel 1[0m create_environment_hook('ardurover_hitl', 'ament_prefix_path')
[0.504s] [34mcolcon.colcon_core.plugin_system[0m [1;30mINFO[0m Skipping extension 'colcon_core.shell.bat': Not used on non-Windows systems
[0.504s] [34mcolcon.colcon_core.shell[0m [1;30mINFO[0m Creating environment hook '/home/mufsir/Mufsir/IISC/ardurover_ws/install/ardurover_hitl/share/ardurover_hitl/hook/ament_prefix_path.ps1'
[0.509s] [34mcolcon.colcon_core.shell[0m [1;30mINFO[0m Creating environment descriptor '/home/mufsir/Mufsir/IISC/ardurover_ws/install/ardurover_hitl/share/ardurover_hitl/hook/ament_prefix_path.dsv'
[0.518s] [34mcolcon.colcon_core.shell[0m [1;30mINFO[0m Creating environment hook '/home/mufsir/Mufsir/IISC/ardurover_ws/install/ardurover_hitl/share/ardurover_hitl/hook/ament_prefix_path.sh'
[0.519s] [34mcolcon.colcon_core.shell[0m [1;30mINFO[0m Skip shell extension 'powershell' for command environment: Not usable outside of PowerShell
[0.519s] [34mcolcon.colcon_core.shell[0m [1;30mDEBUG[0m [32mSkip shell extension 'dsv' for command environment[0m
[0.523s] [34mcolcon.colcon_ros.task.ament_python.build[0m [1;30mINFO[0m Building ROS package in '/home/mufsir/Mufsir/IISC/ardurover_ws/src/hybrid_navigation' with build type 'ament_python'
[0.523s] [34mcolcon.colcon_core.shell[0m [1;30mLevel 1[0m create_environment_hook('hybrid_navigation', 'ament_prefix_path')
[0.523s] [34mcolcon.colcon_core.shell[0m [1;30mINFO[0m Creating environment hook '/home/mufsir/Mufsir/IISC/ardurover_ws/install/hybrid_navigation/share/hybrid_navigation/hook/ament_prefix_path.ps1'
[0.524s] [34mcolcon.colcon_core.shell[0m [1;30mINFO[0m Creating environment descriptor '/home/mufsir/Mufsir/IISC/ardurover_ws/install/hybrid_navigation/share/hybrid_navigation/hook/ament_prefix_path.dsv'
[0.524s] [34mcolcon.colcon_core.shell[0m [1;30mINFO[0m Creating environment hook '/home/mufsir/Mufsir/IISC/ardurover_ws/install/hybrid_navigation/share/hybrid_navigation/hook/ament_prefix_path.sh'
[0.525s] [34mcolcon.colcon_core.shell[0m [1;30mINFO[0m Skip shell extension 'powershell' for command environment: Not usable outside of PowerShell
[0.525s] [34mcolcon.colcon_core.shell[0m [1;30mDEBUG[0m [32mSkip shell extension 'dsv' for command environment[0m
[0.903s] [34mcolcon.colcon_core.task.python.build[0m [1;30mINFO[0m Building Python package in '/home/mufsir/Mufsir/IISC/ardurover_ws/src/ardurover_hitl'
[0.903s] [34mcolcon.colcon_core.shell[0m [1;30mINFO[0m Skip shell extension 'powershell' for command environment: Not usable outside of PowerShell
[0.904s] [34mcolcon.colcon_core.shell[0m [1;30mDEBUG[0m [32mSkip shell extension 'dsv' for command environment[0m
[1.271s] [34mcolcon.colcon_core.task.python.build[0m [1;30mINFO[0m Building Python package in '/home/mufsir/Mufsir/IISC/ardurover_ws/src/hybrid_navigation'
[1.271s] [34mcolcon.colcon_core.shell[0m [1;30mINFO[0m Skip shell extension 'powershell' for command environment: Not usable outside of PowerShell
[1.271s] [34mcolcon.colcon_core.shell[0m [1;30mDEBUG[0m [32mSkip shell extension 'dsv' for command environment[0m
[2.504s] [34mcolcon.colcon_core.event_handler.log_command[0m [1;30mDEBUG[0m [32mInvoking command in '/home/mufsir/Mufsir/IISC/ardurover_ws/src/ardurover_hitl': PYTHONPATH=/home/mufsir/Mufsir/IISC/ardurover_ws/build/ardurover_hitl/prefix_override:/usr/lib/python3/dist-packages/colcon_core/task/python/colcon_distutils_commands:/home/mufsir/Mufsir/IISC/ardurover_ws/install/ardurover_hitl/lib/python3.10/site-packages:${PYTHONPATH} /usr/bin/python3 -W ignore:setup.py install is deprecated -W ignore:easy_install command is deprecated setup.py egg_info --egg-base ../../build/ardurover_hitl build --build-base /home/mufsir/Mufsir/IISC/ardurover_ws/build/ardurover_hitl/build install --record /home/mufsir/Mufsir/IISC/ardurover_ws/build/ardurover_hitl/install.log --single-version-externally-managed install_data[0m
[2.507s] [34mcolcon.colcon_core.event_handler.log_command[0m [1;30mDEBUG[0m [32mInvoking command in '/home/mufsir/Mufsir/IISC/ardurover_ws/src/hybrid_navigation': PYTHONPATH=/home/mufsir/Mufsir/IISC/ardurover_ws/build/hybrid_navigation/prefix_override:/usr/lib/python3/dist-packages/colcon_core/task/python/colcon_distutils_commands:/home/mufsir/Mufsir/IISC/ardurover_ws/install/hybrid_navigation/lib/python3.10/site-packages:${PYTHONPATH} /usr/bin/python3 -W ignore:setup.py install is deprecated -W ignore:easy_install command is deprecated setup.py egg_info --egg-base ../../build/hybrid_navigation build --build-base /home/mufsir/Mufsir/IISC/ardurover_ws/build/hybrid_navigation/build install --record /home/mufsir/Mufsir/IISC/ardurover_ws/build/hybrid_navigation/install.log --single-version-externally-managed install_data[0m
[2.909s] [34mcolcon.colcon_core.event_handler.log_command[0m [1;30mDEBUG[0m [32mInvoked command in '/home/mufsir/Mufsir/IISC/ardurover_ws/src/ardurover_hitl' returned '0': PYTHONPATH=/home/mufsir/Mufsir/IISC/ardurover_ws/build/ardurover_hitl/prefix_override:/usr/lib/python3/dist-packages/colcon_core/task/python/colcon_distutils_commands:/home/mufsir/Mufsir/IISC/ardurover_ws/install/ardurover_hitl/lib/python3.10/site-packages:${PYTHONPATH} /usr/bin/python3 -W ignore:setup.py install is deprecated -W ignore:easy_install command is deprecated setup.py egg_info --egg-base ../../build/ardurover_hitl build --build-base /home/mufsir/Mufsir/IISC/ardurover_ws/build/ardurover_hitl/build install --record /home/mufsir/Mufsir/IISC/ardurover_ws/build/ardurover_hitl/install.log --single-version-externally-managed install_data[0m
[2.959s] [34mcolcon.colcon_core.environment[0m [1;30mLevel 1[0m checking '/home/mufsir/Mufsir/IISC/ardurover_ws/install/ardurover_hitl' for CMake module files
[2.960s] [34mcolcon.colcon_core.environment[0m [1;30mLevel 1[0m checking '/home/mufsir/Mufsir/IISC/ardurover_ws/install/ardurover_hitl' for CMake config files
[2.960s] [34mcolcon.colcon_core.environment[0m [1;30mLevel 1[0m checking '/home/mufsir/Mufsir/IISC/ardurover_ws/install/ardurover_hitl/lib'
[2.960s] [34mcolcon.colcon_core.environment[0m [1;30mLevel 1[0m checking '/home/mufsir/Mufsir/IISC/ardurover_ws/install/ardurover_hitl/bin'
[2.960s] [34mcolcon.colcon_core.environment[0m [1;30mLevel 1[0m checking '/home/mufsir/Mufsir/IISC/ardurover_ws/install/ardurover_hitl/lib/pkgconfig/ardurover_hitl.pc'
[2.961s] [34mcolcon.colcon_core.environment[0m [1;30mLevel 1[0m checking '/home/mufsir/Mufsir/IISC/ardurover_ws/install/ardurover_hitl/lib/python3.10/site-packages'
[2.961s] [34mcolcon.colcon_core.shell[0m [1;30mLevel 1[0m create_environment_hook('ardurover_hitl', 'pythonpath')
[2.961s] [34mcolcon.colcon_core.shell[0m [1;30mINFO[0m Creating environment hook '/home/mufsir/Mufsir/IISC/ardurover_ws/install/ardurover_hitl/share/ardurover_hitl/hook/pythonpath.ps1'
[2.961s] [34mcolcon.colcon_core.shell[0m [1;30mINFO[0m Creating environment descriptor '/home/mufsir/Mufsir/IISC/ardurover_ws/install/ardurover_hitl/share/ardurover_hitl/hook/pythonpath.dsv'
[2.961s] [34mcolcon.colcon_core.shell[0m [1;30mINFO[0m Creating environment hook '/home/mufsir/Mufsir/IISC/ardurover_ws/install/ardurover_hitl/share/ardurover_hitl/hook/pythonpath.sh'
[2.962s] [34mcolcon.colcon_core.environment[0m [1;30mLevel 1[0m checking '/home/mufsir/Mufsir/IISC/ardurover_ws/install/ardurover_hitl/bin'
[2.962s] [34mcolcon.colcon_core.environment[0m [1;30mLevel 1[0m create_environment_scripts_only(ardurover_hitl)
[2.962s] [34mcolcon.colcon_core.shell[0m [1;30mINFO[0m Creating package script '/home/mufsir/Mufsir/IISC/ardurover_ws/install/ardurover_hitl/share/ardurover_hitl/package.ps1'
[2.976s] [34mcolcon.colcon_core.shell[0m [1;30mINFO[0m Creating package descriptor '/home/mufsir/Mufsir/IISC/ardurover_ws/install/ardurover_hitl/share/ardurover_hitl/package.dsv'
[2.985s] [34mcolcon.colcon_core.shell[0m [1;30mINFO[0m Creating package script '/home/mufsir/Mufsir/IISC/ardurover_ws/install/ardurover_hitl/share/ardurover_hitl/package.sh'
[2.986s] [34mcolcon.colcon_core.shell[0m [1;30mINFO[0m Creating package script '/home/mufsir/Mufsir/IISC/ardurover_ws/install/ardurover_hitl/share/ardurover_hitl/package.bash'
[2.997s] [34mcolcon.colcon_core.shell[0m [1;30mINFO[0m Creating package script '/home/mufsir/Mufsir/IISC/ardurover_ws/install/ardurover_hitl/share/ardurover_hitl/package.zsh'
[3.017s] [34mcolcon.colcon_core.environment[0m [1;30mLevel 1[0m create_file_with_runtime_dependencies(/home/mufsir/Mufsir/IISC/ardurover_ws/install/ardurover_hitl/share/colcon-core/packages/ardurover_hitl)
[3.018s] [34mcolcon.colcon_core.environment[0m [1;30mLevel 1[0m checking '/home/mufsir/Mufsir/IISC/ardurover_ws/install/hybrid_navigation' for CMake module files
[3.019s] [34mcolcon.colcon_core.event_handler.log_command[0m [1;30mDEBUG[0m [32mInvoked command in '/home/mufsir/Mufsir/IISC/ardurover_ws/src/hybrid_navigation' returned '0': PYTHONPATH=/home/mufsir/Mufsir/IISC/ardurover_ws/build/hybrid_navigation/prefix_override:/usr/lib/python3/dist-packages/colcon_core/task/python/colcon_distutils_commands:/home/mufsir/Mufsir/IISC/ardurover_ws/install/hybrid_navigation/lib/python3.10/site-packages:${PYTHONPATH} /usr/bin/python3 -W ignore:setup.py install is deprecated -W ignore:easy_install command is deprecated setup.py egg_info --egg-base ../../build/hybrid_navigation build --build-base /home/mufsir/Mufsir/IISC/ardurover_ws/build/hybrid_navigation/build install --record /home/mufsir/Mufsir/IISC/ardurover_ws/build/hybrid_navigation/install.log --single-version-externally-managed install_data[0m
[3.019s] [34mcolcon.colcon_core.environment[0m [1;30mLevel 1[0m checking '/home/mufsir/Mufsir/IISC/ardurover_ws/install/hybrid_navigation' for CMake config files
[3.019s] [34mcolcon.colcon_core.environment[0m [1;30mLevel 1[0m checking '/home/mufsir/Mufsir/IISC/ardurover_ws/install/hybrid_navigation/lib'
[3.019s] [34mcolcon.colcon_core.environment[0m [1;30mLevel 1[0m checking '/home/mufsir/Mufsir/IISC/ardurover_ws/install/hybrid_navigation/bin'
[3.019s] [34mcolcon.colcon_core.environment[0m [1;30mLevel 1[0m checking '/home/mufsir/Mufsir/IISC/ardurover_ws/install/hybrid_navigation/lib/pkgconfig/hybrid_navigation.pc'
[3.020s] [34mcolcon.colcon_core.environment[0m [1;30mLevel 1[0m checking '/home/mufsir/Mufsir/IISC/ardurover_ws/install/hybrid_navigation/lib/python3.10/site-packages'
[3.020s] [34mcolcon.colcon_core.shell[0m [1;30mLevel 1[0m create_environment_hook('hybrid_navigation', 'pythonpath')
[3.020s] [34mcolcon.colcon_core.shell[0m [1;30mINFO[0m Creating environment hook '/home/mufsir/Mufsir/IISC/ardurover_ws/install/hybrid_navigation/share/hybrid_navigation/hook/pythonpath.ps1'
[3.020s] [34mcolcon.colcon_core.shell[0m [1;30mINFO[0m Creating environment descriptor '/home/mufsir/Mufsir/IISC/ardurover_ws/install/hybrid_navigation/share/hybrid_navigation/hook/pythonpath.dsv'
[3.020s] [34mcolcon.colcon_core.shell[0m [1;30mINFO[0m Creating environment hook '/home/mufsir/Mufsir/IISC/ardurover_ws/install/hybrid_navigation/share/hybrid_navigation/hook/pythonpath.sh'
[3.021s] [34mcolcon.colcon_core.environment[0m [1;30mLevel 1[0m checking '/home/mufsir/Mufsir/IISC/ardurover_ws/install/hybrid_navigation/bin'
[3.021s] [34mcolcon.colcon_core.environment[0m [1;30mLevel 1[0m create_environment_scripts_only(hybrid_navigation)
[3.021s] [34mcolcon.colcon_core.shell[0m [1;30mINFO[0m Creating package script '/home/mufsir/Mufsir/IISC/ardurover_ws/install/hybrid_navigation/share/hybrid_navigation/package.ps1'
[3.022s] [34mcolcon.colcon_core.shell[0m [1;30mINFO[0m Creating package descriptor '/home/mufsir/Mufsir/IISC/ardurover_ws/install/hybrid_navigation/share/hybrid_navigation/package.dsv'
[3.022s] [34mcolcon.colcon_core.shell[0m [1;30mINFO[0m Creating package script '/home/mufsir/Mufsir/IISC/ardurover_ws/install/hybrid_navigation/share/hybrid_navigation/package.sh'
[3.023s] [34mcolcon.colcon_core.shell[0m [1;30mINFO[0m Creating package script '/home/mufsir/Mufsir/IISC/ardurover_ws/install/hybrid_navigation/share/hybrid_navigation/package.bash'
[3.023s] [34mcolcon.colcon_core.shell[0m [1;30mINFO[0m Creating package script '/home/mufsir/Mufsir/IISC/ardurover_ws/install/hybrid_navigation/share/hybrid_navigation/package.zsh'
[3.023s] [34mcolcon.colcon_core.environment[0m [1;30mLevel 1[0m create_file_with_runtime_dependencies(/home/mufsir/Mufsir/IISC/ardurover_ws/install/hybrid_navigation/share/colcon-core/packages/hybrid_navigation)
[3.023s] [34mcolcon.colcon_parallel_executor.executor.parallel[0m [1;30mDEBUG[0m [32mclosing loop[0m
[3.023s] [34mcolcon.colcon_parallel_executor.executor.parallel[0m [1;30mDEBUG[0m [32mloop closed[0m
[3.023s] [34mcolcon.colcon_parallel_executor.executor.parallel[0m [1;30mDEBUG[0m [32mrun_until_complete finished with '0'[0m
[3.024s] [34mcolcon.colcon_core.event_reactor[0m [1;30mDEBUG[0m [32mjoining thread[0m
[3.028s] [34mcolcon.colcon_core.plugin_system[0m [1;30mINFO[0m Skipping extension 'colcon_notification.desktop_notification.terminal_notifier': Not used on non-Darwin systems
[3.028s] [34mcolcon.colcon_core.plugin_system[0m [1;30mINFO[0m Skipping extension 'colcon_notification.desktop_notification.win32': Not used on non-Windows systems
[3.028s] [34mcolcon.colcon_notification.desktop_notification[0m [1;30mINFO[0m Sending desktop notification using 'notify2'
[3.039s] [34mcolcon.colcon_core.event_reactor[0m [1;30mDEBUG[0m [32mjoined thread[0m
[3.040s] [34mcolcon.colcon_core.shell[0m [1;30mINFO[0m Creating prefix script '/home/mufsir/Mufsir/IISC/ardurover_ws/install/local_setup.ps1'
[3.040s] [34mcolcon.colcon_core.shell[0m [1;30mINFO[0m Creating prefix util module '/home/mufsir/Mufsir/IISC/ardurover_ws/install/_local_setup_util_ps1.py'
[3.042s] [34mcolcon.colcon_core.shell[0m [1;30mINFO[0m Creating prefix chain script '/home/mufsir/Mufsir/IISC/ardurover_ws/install/setup.ps1'
[3.043s] [34mcolcon.colcon_core.shell[0m [1;30mINFO[0m Creating prefix script '/home/mufsir/Mufsir/IISC/ardurover_ws/install/local_setup.sh'
[3.043s] [34mcolcon.colcon_core.shell[0m [1;30mINFO[0m Creating prefix util module '/home/mufsir/Mufsir/IISC/ardurover_ws/install/_local_setup_util_sh.py'
[3.044s] [34mcolcon.colcon_core.shell[0m [1;30mINFO[0m Creating prefix chain script '/home/mufsir/Mufsir/IISC/ardurover_ws/install/setup.sh'
[3.045s] [34mcolcon.colcon_core.shell[0m [1;30mINFO[0m Creating prefix script '/home/mufsir/Mufsir/IISC/ardurover_ws/install/local_setup.bash'
[3.045s] [34mcolcon.colcon_core.shell[0m [1;30mINFO[0m Creating prefix chain script '/home/mufsir/Mufsir/IISC/ardurover_ws/install/setup.bash'
[3.046s] [34mcolcon.colcon_core.shell[0m [1;30mINFO[0m Creating prefix script '/home/mufsir/Mufsir/IISC/ardurover_ws/install/local_setup.zsh'
[3.046s] [34mcolcon.colcon_core.shell[0m [1;30mINFO[0m Creating prefix chain script '/home/mufsir/Mufsir/IISC/ardurover_ws/install/setup.zsh'
