[0.236s] colcon DEBUG Command line arguments: ['/usr/bin/colcon', 'build', '--packages-select', 'ardurover_hitl', '--symlink-install']
[0.236s] colcon DEBUG Parsed command line arguments: Namespace(log_base=None, log_level=None, verb_name='build', build_base='build', install_base='install', merge_install=False, symlink_install=True, test_result_base=None, continue_on_error=False, executor='parallel', parallel_workers=12, event_handlers=None, ignore_user_meta=False, metas=['./colcon.meta'], base_paths=['.'], packages_ignore=None, packages_ignore_regex=None, paths=None, packages_up_to=None, packages_up_to_regex=None, packages_above=None, packages_above_and_dependencies=None, packages_above_depth=None, packages_select_by_dep=None, packages_skip_by_dep=None, packages_skip_up_to=None, packages_select_build_failed=False, packages_skip_build_finished=False, packages_select_test_failures=False, packages_skip_test_passed=False, packages_select=['ardurover_hitl'], packages_skip=None, packages_select_regex=None, packages_skip_regex=None, packages_start=None, packages_end=None, allow_overriding=[], cmake_args=None, cmake_target=None, cmake_target_skip_unavailable=False, cmake_clean_cache=False, cmake_clean_first=False, cmake_force_configure=False, ament_cmake_args=None, catkin_cmake_args=None, catkin_skip_building_tests=False, verb_parser=<colcon_defaults.argument_parser.defaults.DefaultArgumentsDecorator object at 0x7e79eb763f40>, verb_extension=<colcon_core.verb.build.BuildVerb object at 0x7e79eb763970>, main=<bound method BuildVerb.main of <colcon_core.verb.build.BuildVerb object at 0x7e79eb763970>>)
[0.810s] colcon.colcon_core.package_discovery Level 1 discover_packages(colcon_meta) check parameters
[0.811s] colcon.colcon_core.package_discovery Level 1 discover_packages(recursive) check parameters
[0.811s] colcon.colcon_core.package_discovery Level 1 discover_packages(ignore) check parameters
[0.811s] colcon.colcon_core.package_discovery Level 1 discover_packages(path) check parameters
[0.811s] colcon.colcon_core.package_discovery Level 1 discover_packages(colcon_meta) discover
[0.811s] colcon.colcon_core.package_discovery Level 1 discover_packages(recursive) discover
[0.811s] colcon.colcon_core.package_discovery INFO Crawling recursively for packages in '/home/mufsir/Mufsir/IISC/ardurover_ws'
[0.811s] colcon.colcon_core.package_identification Level 1 _identify(.) by extensions ['ignore', 'ignore_ament_install']
[0.812s] colcon.colcon_core.package_identification Level 1 _identify(.) by extension 'ignore'
[0.812s] colcon.colcon_core.package_identification Level 1 _identify(.) by extension 'ignore_ament_install'
[0.812s] colcon.colcon_core.package_identification Level 1 _identify(.) by extensions ['colcon_pkg']
[0.812s] colcon.colcon_core.package_identification Level 1 _identify(.) by extension 'colcon_pkg'
[0.812s] colcon.colcon_core.package_identification Level 1 _identify(.) by extensions ['colcon_meta']
[0.812s] colcon.colcon_core.package_identification Level 1 _identify(.) by extension 'colcon_meta'
[0.812s] colcon.colcon_core.package_identification Level 1 _identify(.) by extensions ['ros']
[0.812s] colcon.colcon_core.package_identification Level 1 _identify(.) by extension 'ros'
[0.835s] colcon.colcon_core.package_identification Level 1 _identify(.) by extensions ['cmake', 'python']
[0.835s] colcon.colcon_core.package_identification Level 1 _identify(.) by extension 'cmake'
[0.835s] colcon.colcon_core.package_identification Level 1 _identify(.) by extension 'python'
[0.835s] colcon.colcon_core.package_identification Level 1 _identify(.) by extensions ['python_setup_py']
[0.835s] colcon.colcon_core.package_identification Level 1 _identify(.) by extension 'python_setup_py'
[0.835s] colcon.colcon_core.package_identification Level 1 _identify(build) by extensions ['ignore', 'ignore_ament_install']
[0.835s] colcon.colcon_core.package_identification Level 1 _identify(build) by extension 'ignore'
[0.836s] colcon.colcon_core.package_identification Level 1 _identify(build) ignored
[0.836s] colcon.colcon_core.package_identification Level 1 _identify(install) by extensions ['ignore', 'ignore_ament_install']
[0.836s] colcon.colcon_core.package_identification Level 1 _identify(install) by extension 'ignore'
[0.836s] colcon.colcon_core.package_identification Level 1 _identify(install) ignored
[0.836s] colcon.colcon_core.package_identification Level 1 _identify(log) by extensions ['ignore', 'ignore_ament_install']
[0.836s] colcon.colcon_core.package_identification Level 1 _identify(log) by extension 'ignore'
[0.837s] colcon.colcon_core.package_identification Level 1 _identify(log) ignored
[0.837s] colcon.colcon_core.package_identification Level 1 _identify(src) by extensions ['ignore', 'ignore_ament_install']
[0.837s] colcon.colcon_core.package_identification Level 1 _identify(src) by extension 'ignore'
[0.837s] colcon.colcon_core.package_identification Level 1 _identify(src) by extension 'ignore_ament_install'
[0.837s] colcon.colcon_core.package_identification Level 1 _identify(src) by extensions ['colcon_pkg']
[0.837s] colcon.colcon_core.package_identification Level 1 _identify(src) by extension 'colcon_pkg'
[0.837s] colcon.colcon_core.package_identification Level 1 _identify(src) by extensions ['colcon_meta']
[0.837s] colcon.colcon_core.package_identification Level 1 _identify(src) by extension 'colcon_meta'
[0.838s] colcon.colcon_core.package_identification Level 1 _identify(src) by extensions ['ros']
[0.838s] colcon.colcon_core.package_identification Level 1 _identify(src) by extension 'ros'
[0.838s] colcon.colcon_core.package_identification Level 1 _identify(src) by extensions ['cmake', 'python']
[0.838s] colcon.colcon_core.package_identification Level 1 _identify(src) by extension 'cmake'
[0.838s] colcon.colcon_core.package_identification Level 1 _identify(src) by extension 'python'
[0.838s] colcon.colcon_core.package_identification Level 1 _identify(src) by extensions ['python_setup_py']
[0.838s] colcon.colcon_core.package_identification Level 1 _identify(src) by extension 'python_setup_py'
[0.838s] colcon.colcon_core.package_identification Level 1 _identify(src/ardurover_hitl) by extensions ['ignore', 'ignore_ament_install']
[0.838s] colcon.colcon_core.package_identification Level 1 _identify(src/ardurover_hitl) by extension 'ignore'
[0.838s] colcon.colcon_core.package_identification Level 1 _identify(src/ardurover_hitl) by extension 'ignore_ament_install'
[0.838s] colcon.colcon_core.package_identification Level 1 _identify(src/ardurover_hitl) by extensions ['colcon_pkg']
[0.839s] colcon.colcon_core.package_identification Level 1 _identify(src/ardurover_hitl) by extension 'colcon_pkg'
[0.839s] colcon.colcon_core.package_identification Level 1 _identify(src/ardurover_hitl) by extensions ['colcon_meta']
[0.839s] colcon.colcon_core.package_identification Level 1 _identify(src/ardurover_hitl) by extension 'colcon_meta'
[0.839s] colcon.colcon_core.package_identification Level 1 _identify(src/ardurover_hitl) by extensions ['ros']
[0.839s] colcon.colcon_core.package_identification Level 1 _identify(src/ardurover_hitl) by extension 'ros'
[0.843s] colcon.colcon_core.package_identification DEBUG Package 'src/ardurover_hitl' with type 'ros.ament_python' and name 'ardurover_hitl'
[0.843s] colcon.colcon_core.package_identification Level 1 _identify(src/hybrid_navigation) by extensions ['ignore', 'ignore_ament_install']
[0.843s] colcon.colcon_core.package_identification Level 1 _identify(src/hybrid_navigation) by extension 'ignore'
[0.843s] colcon.colcon_core.package_identification Level 1 _identify(src/hybrid_navigation) by extension 'ignore_ament_install'
[0.844s] colcon.colcon_core.package_identification Level 1 _identify(src/hybrid_navigation) by extensions ['colcon_pkg']
[0.844s] colcon.colcon_core.package_identification Level 1 _identify(src/hybrid_navigation) by extension 'colcon_pkg'
[0.844s] colcon.colcon_core.package_identification Level 1 _identify(src/hybrid_navigation) by extensions ['colcon_meta']
[0.844s] colcon.colcon_core.package_identification Level 1 _identify(src/hybrid_navigation) by extension 'colcon_meta'
[0.844s] colcon.colcon_core.package_identification Level 1 _identify(src/hybrid_navigation) by extensions ['ros']
[0.844s] colcon.colcon_core.package_identification Level 1 _identify(src/hybrid_navigation) by extension 'ros'
[0.846s] colcon.colcon_core.package_identification DEBUG Package 'src/hybrid_navigation' with type 'ros.ament_python' and name 'hybrid_navigation'
[0.846s] colcon.colcon_core.package_discovery Level 1 discover_packages(recursive) using defaults
[0.846s] colcon.colcon_core.package_discovery Level 1 discover_packages(ignore) discover
[0.846s] colcon.colcon_core.package_discovery Level 1 discover_packages(ignore) using defaults
[0.846s] colcon.colcon_core.package_discovery Level 1 discover_packages(path) discover
[0.846s] colcon.colcon_core.package_discovery Level 1 discover_packages(path) using defaults
[0.875s] colcon.colcon_core.package_selection INFO Skipping not selected package 'hybrid_navigation' in 'src/hybrid_navigation'
[0.876s] colcon.colcon_core.package_discovery Level 1 discover_packages(prefix_path) check parameters
[0.876s] colcon.colcon_core.package_discovery Level 1 discover_packages(prefix_path) discover
[0.879s] colcon.colcon_installed_package_information.package_discovery DEBUG Found 4 installed packages in /home/mufsir/gps_nav_ws/install
[0.883s] colcon.colcon_installed_package_information.package_discovery DEBUG Found 382 installed packages in /opt/ros/humble
[0.886s] colcon.colcon_core.package_discovery Level 1 discover_packages(prefix_path) using defaults
[0.970s] colcon.colcon_core.verb Level 5 set package 'ardurover_hitl' build argument 'cmake_args' from command line to 'None'
[0.971s] colcon.colcon_core.verb Level 5 set package 'ardurover_hitl' build argument 'cmake_target' from command line to 'None'
[0.971s] colcon.colcon_core.verb Level 5 set package 'ardurover_hitl' build argument 'cmake_target_skip_unavailable' from command line to 'False'
[0.971s] colcon.colcon_core.verb Level 5 set package 'ardurover_hitl' build argument 'cmake_clean_cache' from command line to 'False'
[0.971s] colcon.colcon_core.verb Level 5 set package 'ardurover_hitl' build argument 'cmake_clean_first' from command line to 'False'
[0.971s] colcon.colcon_core.verb Level 5 set package 'ardurover_hitl' build argument 'cmake_force_configure' from command line to 'False'
[0.971s] colcon.colcon_core.verb Level 5 set package 'ardurover_hitl' build argument 'ament_cmake_args' from command line to 'None'
[0.971s] colcon.colcon_core.verb Level 5 set package 'ardurover_hitl' build argument 'catkin_cmake_args' from command line to 'None'
[0.971s] colcon.colcon_core.verb Level 5 set package 'ardurover_hitl' build argument 'catkin_skip_building_tests' from command line to 'False'
[0.971s] colcon.colcon_core.verb DEBUG Building package 'ardurover_hitl' with the following arguments: {'ament_cmake_args': None, 'build_base': '/home/mufsir/Mufsir/IISC/ardurover_ws/build/ardurover_hitl', 'catkin_cmake_args': None, 'catkin_skip_building_tests': False, 'cmake_args': None, 'cmake_clean_cache': False, 'cmake_clean_first': False, 'cmake_force_configure': False, 'cmake_target': None, 'cmake_target_skip_unavailable': False, 'install_base': '/home/mufsir/Mufsir/IISC/ardurover_ws/install/ardurover_hitl', 'merge_install': False, 'path': '/home/mufsir/Mufsir/IISC/ardurover_ws/src/ardurover_hitl', 'symlink_install': True, 'test_result_base': None}
[0.971s] colcon.colcon_core.executor INFO Executing jobs using 'parallel' executor
[0.973s] colcon.colcon_parallel_executor.executor.parallel DEBUG run_until_complete
[0.974s] colcon.colcon_ros.task.ament_python.build INFO Building ROS package in '/home/mufsir/Mufsir/IISC/ardurover_ws/src/ardurover_hitl' with build type 'ament_python'
[0.974s] colcon.colcon_core.shell Level 1 create_environment_hook('ardurover_hitl', 'ament_prefix_path')
[0.977s] colcon.colcon_core.plugin_system INFO Skipping extension 'colcon_core.shell.bat': Not used on non-Windows systems
[0.977s] colcon.colcon_core.shell INFO Creating environment hook '/home/mufsir/Mufsir/IISC/ardurover_ws/install/ardurover_hitl/share/ardurover_hitl/hook/ament_prefix_path.ps1'
[0.979s] colcon.colcon_core.shell INFO Creating environment descriptor '/home/mufsir/Mufsir/IISC/ardurover_ws/install/ardurover_hitl/share/ardurover_hitl/hook/ament_prefix_path.dsv'
[0.980s] colcon.colcon_core.shell INFO Creating environment hook '/home/mufsir/Mufsir/IISC/ardurover_ws/install/ardurover_hitl/share/ardurover_hitl/hook/ament_prefix_path.sh'
[0.982s] colcon.colcon_core.shell INFO Skip shell extension 'powershell' for command environment: Not usable outside of PowerShell
[0.982s] colcon.colcon_core.shell DEBUG Skip shell extension 'dsv' for command environment
[1.712s] colcon.colcon_core.task.python.build INFO Building Python package in '/home/mufsir/Mufsir/IISC/ardurover_ws/src/ardurover_hitl'
[1.713s] colcon.colcon_core.shell INFO Skip shell extension 'powershell' for command environment: Not usable outside of PowerShell
[1.713s] colcon.colcon_core.shell DEBUG Skip shell extension 'dsv' for command environment
[2.699s] colcon.colcon_core.event_handler.log_command DEBUG Invoking command in '/home/mufsir/Mufsir/IISC/ardurover_ws/build/ardurover_hitl': PYTHONPATH=/home/mufsir/Mufsir/IISC/ardurover_ws/build/ardurover_hitl/prefix_override:/usr/lib/python3/dist-packages/colcon_core/task/python/colcon_distutils_commands:/home/mufsir/Mufsir/IISC/ardurover_ws/install/ardurover_hitl/lib/python3.10/site-packages:${PYTHONPATH} /usr/bin/python3 -W ignore:setup.py install is deprecated -W ignore:easy_install command is deprecated setup.py develop --editable --build-directory /home/mufsir/Mufsir/IISC/ardurover_ws/build/ardurover_hitl/build --no-deps symlink_data
[4.063s] colcon.colcon_core.shell Level 1 create_environment_hook('ardurover_hitl', 'pythonpath_develop')
[4.064s] colcon.colcon_core.shell INFO Creating environment hook '/home/mufsir/Mufsir/IISC/ardurover_ws/build/ardurover_hitl/share/ardurover_hitl/hook/pythonpath_develop.ps1'
[4.066s] colcon.colcon_core.event_handler.log_command DEBUG Invoked command in '/home/mufsir/Mufsir/IISC/ardurover_ws/build/ardurover_hitl' returned '0': PYTHONPATH=/home/mufsir/Mufsir/IISC/ardurover_ws/build/ardurover_hitl/prefix_override:/usr/lib/python3/dist-packages/colcon_core/task/python/colcon_distutils_commands:/home/mufsir/Mufsir/IISC/ardurover_ws/install/ardurover_hitl/lib/python3.10/site-packages:${PYTHONPATH} /usr/bin/python3 -W ignore:setup.py install is deprecated -W ignore:easy_install command is deprecated setup.py develop --editable --build-directory /home/mufsir/Mufsir/IISC/ardurover_ws/build/ardurover_hitl/build --no-deps symlink_data
[4.066s] colcon.colcon_core.shell INFO Creating environment descriptor '/home/mufsir/Mufsir/IISC/ardurover_ws/build/ardurover_hitl/share/ardurover_hitl/hook/pythonpath_develop.dsv'
[4.067s] colcon.colcon_core.shell INFO Creating environment hook '/home/mufsir/Mufsir/IISC/ardurover_ws/build/ardurover_hitl/share/ardurover_hitl/hook/pythonpath_develop.sh'
[4.071s] colcon.colcon_core.environment Level 1 checking '/home/mufsir/Mufsir/IISC/ardurover_ws/install/ardurover_hitl' for CMake module files
[4.071s] colcon.colcon_core.environment Level 1 checking '/home/mufsir/Mufsir/IISC/ardurover_ws/install/ardurover_hitl' for CMake config files
[4.073s] colcon.colcon_core.environment Level 1 checking '/home/mufsir/Mufsir/IISC/ardurover_ws/install/ardurover_hitl/lib'
[4.074s] colcon.colcon_core.environment Level 1 checking '/home/mufsir/Mufsir/IISC/ardurover_ws/install/ardurover_hitl/bin'
[4.074s] colcon.colcon_core.environment Level 1 checking '/home/mufsir/Mufsir/IISC/ardurover_ws/install/ardurover_hitl/lib/pkgconfig/ardurover_hitl.pc'
[4.074s] colcon.colcon_core.environment Level 1 checking '/home/mufsir/Mufsir/IISC/ardurover_ws/install/ardurover_hitl/lib/python3.10/site-packages'
[4.074s] colcon.colcon_core.shell Level 1 create_environment_hook('ardurover_hitl', 'pythonpath')
[4.075s] colcon.colcon_core.shell INFO Creating environment hook '/home/mufsir/Mufsir/IISC/ardurover_ws/install/ardurover_hitl/share/ardurover_hitl/hook/pythonpath.ps1'
[4.075s] colcon.colcon_core.shell INFO Creating environment descriptor '/home/mufsir/Mufsir/IISC/ardurover_ws/install/ardurover_hitl/share/ardurover_hitl/hook/pythonpath.dsv'
[4.076s] colcon.colcon_core.shell INFO Creating environment hook '/home/mufsir/Mufsir/IISC/ardurover_ws/install/ardurover_hitl/share/ardurover_hitl/hook/pythonpath.sh'
[4.077s] colcon.colcon_core.environment Level 1 checking '/home/mufsir/Mufsir/IISC/ardurover_ws/install/ardurover_hitl/bin'
[4.077s] colcon.colcon_core.environment Level 1 create_environment_scripts_only(ardurover_hitl)
[4.078s] colcon.colcon_core.shell INFO Creating package script '/home/mufsir/Mufsir/IISC/ardurover_ws/install/ardurover_hitl/share/ardurover_hitl/package.ps1'
[4.082s] colcon.colcon_core.shell INFO Creating package descriptor '/home/mufsir/Mufsir/IISC/ardurover_ws/install/ardurover_hitl/share/ardurover_hitl/package.dsv'
[4.083s] colcon.colcon_core.shell INFO Creating package script '/home/mufsir/Mufsir/IISC/ardurover_ws/install/ardurover_hitl/share/ardurover_hitl/package.sh'
[4.084s] colcon.colcon_core.shell INFO Creating package script '/home/mufsir/Mufsir/IISC/ardurover_ws/install/ardurover_hitl/share/ardurover_hitl/package.bash'
[4.086s] colcon.colcon_core.shell INFO Creating package script '/home/mufsir/Mufsir/IISC/ardurover_ws/install/ardurover_hitl/share/ardurover_hitl/package.zsh'
[4.088s] colcon.colcon_core.environment Level 1 create_file_with_runtime_dependencies(/home/mufsir/Mufsir/IISC/ardurover_ws/install/ardurover_hitl/share/colcon-core/packages/ardurover_hitl)
[4.088s] colcon.colcon_parallel_executor.executor.parallel DEBUG closing loop
[4.089s] colcon.colcon_parallel_executor.executor.parallel DEBUG loop closed
[4.089s] colcon.colcon_parallel_executor.executor.parallel DEBUG run_until_complete finished with '0'
[4.089s] colcon.colcon_core.event_reactor DEBUG joining thread
[4.098s] colcon.colcon_core.plugin_system INFO Skipping extension 'colcon_notification.desktop_notification.terminal_notifier': Not used on non-Darwin systems
[4.098s] colcon.colcon_core.plugin_system INFO Skipping extension 'colcon_notification.desktop_notification.win32': Not used on non-Windows systems
[4.098s] colcon.colcon_notification.desktop_notification INFO Sending desktop notification using 'notify2'
[4.116s] colcon.colcon_core.event_reactor DEBUG joined thread
[4.117s] colcon.colcon_core.shell INFO Creating prefix script '/home/mufsir/Mufsir/IISC/ardurover_ws/install/local_setup.ps1'
[4.119s] colcon.colcon_core.shell INFO Creating prefix util module '/home/mufsir/Mufsir/IISC/ardurover_ws/install/_local_setup_util_ps1.py'
[4.122s] colcon.colcon_core.shell INFO Creating prefix chain script '/home/mufsir/Mufsir/IISC/ardurover_ws/install/setup.ps1'
[4.124s] colcon.colcon_core.shell INFO Creating prefix script '/home/mufsir/Mufsir/IISC/ardurover_ws/install/local_setup.sh'
[4.125s] colcon.colcon_core.shell INFO Creating prefix util module '/home/mufsir/Mufsir/IISC/ardurover_ws/install/_local_setup_util_sh.py'
[4.126s] colcon.colcon_core.shell INFO Creating prefix chain script '/home/mufsir/Mufsir/IISC/ardurover_ws/install/setup.sh'
[4.129s] colcon.colcon_core.shell INFO Creating prefix script '/home/mufsir/Mufsir/IISC/ardurover_ws/install/local_setup.bash'
[4.129s] colcon.colcon_core.shell INFO Creating prefix chain script '/home/mufsir/Mufsir/IISC/ardurover_ws/install/setup.bash'
[4.132s] colcon.colcon_core.shell INFO Creating prefix script '/home/mufsir/Mufsir/IISC/ardurover_ws/install/local_setup.zsh'
[4.132s] colcon.colcon_core.shell INFO Creating prefix chain script '/home/mufsir/Mufsir/IISC/ardurover_ws/install/setup.zsh'
