running egg_info
writing ../../build/ardurover_hitl/ardurover_hitl.egg-info/PKG-INFO
writing dependency_links to ../../build/ardurover_hitl/ardurover_hitl.egg-info/dependency_links.txt
writing entry points to ../../build/ardurover_hitl/ardurover_hitl.egg-info/entry_points.txt
writing requirements to ../../build/ardurover_hitl/ardurover_hitl.egg-info/requires.txt
writing top-level names to ../../build/ardurover_hitl/ardurover_hitl.egg-info/top_level.txt
reading manifest file '../../build/ardurover_hitl/ardurover_hitl.egg-info/SOURCES.txt'
writing manifest file '../../build/ardurover_hitl/ardurover_hitl.egg-info/SOURCES.txt'
running build
running build_py
copying ardurover_hitl/hitl.py -> /home/mufsir/Mufsir/IISC/ardurover_ws/build/ardurover_hitl/build/lib/ardurover_hitl
running install
running install_lib
copying /home/mufsir/Mufsir/IISC/ardurover_ws/build/ardurover_hitl/build/lib/ardurover_hitl/hitl.py -> /home/mufsir/Mufsir/IISC/ardurover_ws/install/ardurover_hitl/lib/python3.10/site-packages/ardurover_hitl
byte-compiling /home/mufsir/Mufsir/IISC/ardurover_ws/install/ardurover_hitl/lib/python3.10/site-packages/ardurover_hitl/hitl.py to hitl.cpython-310.pyc
running install_data
running install_egg_info
removing '/home/mufsir/Mufsir/IISC/ardurover_ws/install/ardurover_hitl/lib/python3.10/site-packages/ardurover_hitl-0.0.0-py3.10.egg-info' (and everything under it)
Copying ../../build/ardurover_hitl/ardurover_hitl.egg-info to /home/mufsir/Mufsir/IISC/ardurover_ws/install/ardurover_hitl/lib/python3.10/site-packages/ardurover_hitl-0.0.0-py3.10.egg-info
running install_scripts
writing list of installed files to '/home/mufsir/Mufsir/IISC/ardurover_ws/build/ardurover_hitl/install.log'
