[2.161s] Invoking command in '/home/mufsir/Mufsir/IISC/ardurover_ws/src/ardurover_hitl': PYTHONPATH=/home/mufsir/Mufsir/IISC/ardurover_ws/build/ardurover_hitl/prefix_override:/usr/lib/python3/dist-packages/colcon_core/task/python/colcon_distutils_commands:/home/mufsir/Mufsir/IISC/ardurover_ws/install/ardurover_hitl/lib/python3.10/site-packages:${PYTHONPATH} /usr/bin/python3 -W ignore:setup.py install is deprecated -W ignore:easy_install command is deprecated setup.py egg_info --egg-base ../../build/ardurover_hitl build --build-base /home/mufsir/Mufsir/IISC/ardurover_ws/build/ardurover_hitl/build install --record /home/mufsir/Mufsir/IISC/ardurover_ws/build/ardurover_hitl/install.log --single-version-externally-managed install_data
[2.524s] running egg_info
[2.525s] writing ../../build/ardurover_hitl/ardurover_hitl.egg-info/PKG-INFO
[2.525s] writing dependency_links to ../../build/ardurover_hitl/ardurover_hitl.egg-info/dependency_links.txt
[2.525s] writing entry points to ../../build/ardurover_hitl/ardurover_hitl.egg-info/entry_points.txt
[2.525s] writing requirements to ../../build/ardurover_hitl/ardurover_hitl.egg-info/requires.txt
[2.526s] writing top-level names to ../../build/ardurover_hitl/ardurover_hitl.egg-info/top_level.txt
[2.559s] reading manifest file '../../build/ardurover_hitl/ardurover_hitl.egg-info/SOURCES.txt'
[2.592s] writing manifest file '../../build/ardurover_hitl/ardurover_hitl.egg-info/SOURCES.txt'
[2.592s] running build
[2.593s] running build_py
[2.603s] copying ardurover_hitl/hitl.py -> /home/mufsir/Mufsir/IISC/ardurover_ws/build/ardurover_hitl/build/lib/ardurover_hitl
[2.604s] running install
[2.604s] running install_lib
[2.605s] copying /home/mufsir/Mufsir/IISC/ardurover_ws/build/ardurover_hitl/build/lib/ardurover_hitl/hitl.py -> /home/mufsir/Mufsir/IISC/ardurover_ws/install/ardurover_hitl/lib/python3.10/site-packages/ardurover_hitl
[2.625s] byte-compiling /home/mufsir/Mufsir/IISC/ardurover_ws/install/ardurover_hitl/lib/python3.10/site-packages/ardurover_hitl/hitl.py to hitl.cpython-310.pyc
[2.628s] running install_data
[2.628s] running install_egg_info
[2.630s] removing '/home/mufsir/Mufsir/IISC/ardurover_ws/install/ardurover_hitl/lib/python3.10/site-packages/ardurover_hitl-0.0.0-py3.10.egg-info' (and everything under it)
[2.630s] Copying ../../build/ardurover_hitl/ardurover_hitl.egg-info to /home/mufsir/Mufsir/IISC/ardurover_ws/install/ardurover_hitl/lib/python3.10/site-packages/ardurover_hitl-0.0.0-py3.10.egg-info
[2.643s] running install_scripts
[2.662s] writing list of installed files to '/home/mufsir/Mufsir/IISC/ardurover_ws/build/ardurover_hitl/install.log'
[2.696s] Invoked command in '/home/mufsir/Mufsir/IISC/ardurover_ws/src/ardurover_hitl' returned '0': PYTHONPATH=/home/mufsir/Mufsir/IISC/ardurover_ws/build/ardurover_hitl/prefix_override:/usr/lib/python3/dist-packages/colcon_core/task/python/colcon_distutils_commands:/home/mufsir/Mufsir/IISC/ardurover_ws/install/ardurover_hitl/lib/python3.10/site-packages:${PYTHONPATH} /usr/bin/python3 -W ignore:setup.py install is deprecated -W ignore:easy_install command is deprecated setup.py egg_info --egg-base ../../build/ardurover_hitl build --build-base /home/mufsir/Mufsir/IISC/ardurover_ws/build/ardurover_hitl/build install --record /home/mufsir/Mufsir/IISC/ardurover_ws/build/ardurover_hitl/install.log --single-version-externally-managed install_data
