[3.545s] [34mcolcon[0m [1;30mDEBUG[0m [32mCommand line arguments: ['/usr/bin/colcon', 'build'][0m
[3.545s] [34mcolcon[0m [1;30mDEBUG[0m [32mParsed command line arguments: Namespace(log_base=None, log_level=None, verb_name='build', build_base='build', install_base='install', merge_install=False, symlink_install=False, test_result_base=None, continue_on_error=False, executor='parallel', parallel_workers=12, event_handlers=None, ignore_user_meta=False, metas=['./colcon.meta'], base_paths=['.'], packages_ignore=None, packages_ignore_regex=None, paths=None, packages_up_to=None, packages_up_to_regex=None, packages_above=None, packages_above_and_dependencies=None, packages_above_depth=None, packages_select_by_dep=None, packages_skip_by_dep=None, packages_skip_up_to=None, packages_select_build_failed=False, packages_skip_build_finished=False, packages_select_test_failures=False, packages_skip_test_passed=False, packages_select=None, packages_skip=None, packages_select_regex=None, packages_skip_regex=None, packages_start=None, packages_end=None, allow_overriding=[], cmake_args=None, cmake_target=None, cmake_target_skip_unavailable=False, cmake_clean_cache=False, cmake_clean_first=False, cmake_force_configure=False, ament_cmake_args=None, catkin_cmake_args=None, catkin_skip_building_tests=False, verb_parser=<colcon_defaults.argument_parser.defaults.DefaultArgumentsDecorator object at 0x7cfe4035fc70>, verb_extension=<colcon_core.verb.build.BuildVerb object at 0x7cfe4035f6a0>, main=<bound method BuildVerb.main of <colcon_core.verb.build.BuildVerb object at 0x7cfe4035f6a0>>)[0m
[7.440s] [34mcolcon.colcon_core.package_discovery[0m [1;30mLevel 1[0m discover_packages(colcon_meta) check parameters
[7.440s] [34mcolcon.colcon_core.package_discovery[0m [1;30mLevel 1[0m discover_packages(recursive) check parameters
[7.440s] [34mcolcon.colcon_core.package_discovery[0m [1;30mLevel 1[0m discover_packages(ignore) check parameters
[7.440s] [34mcolcon.colcon_core.package_discovery[0m [1;30mLevel 1[0m discover_packages(path) check parameters
[7.441s] [34mcolcon.colcon_core.package_discovery[0m [1;30mLevel 1[0m discover_packages(colcon_meta) discover
[7.441s] [34mcolcon.colcon_core.package_discovery[0m [1;30mLevel 1[0m discover_packages(recursive) discover
[7.441s] [34mcolcon.colcon_core.package_discovery[0m [1;30mINFO[0m Crawling recursively for packages in '/home/mufsir/Mufsir/IISC/ardurover_ws'
[7.441s] [34mcolcon.colcon_core.package_identification[0m [1;30mLevel 1[0m _identify(.) by extensions ['ignore', 'ignore_ament_install']
[7.441s] [34mcolcon.colcon_core.package_identification[0m [1;30mLevel 1[0m _identify(.) by extension 'ignore'
[7.441s] [34mcolcon.colcon_core.package_identification[0m [1;30mLevel 1[0m _identify(.) by extension 'ignore_ament_install'
[7.441s] [34mcolcon.colcon_core.package_identification[0m [1;30mLevel 1[0m _identify(.) by extensions ['colcon_pkg']
[7.441s] [34mcolcon.colcon_core.package_identification[0m [1;30mLevel 1[0m _identify(.) by extension 'colcon_pkg'
[7.441s] [34mcolcon.colcon_core.package_identification[0m [1;30mLevel 1[0m _identify(.) by extensions ['colcon_meta']
[7.441s] [34mcolcon.colcon_core.package_identification[0m [1;30mLevel 1[0m _identify(.) by extension 'colcon_meta'
[7.441s] [34mcolcon.colcon_core.package_identification[0m [1;30mLevel 1[0m _identify(.) by extensions ['ros']
[7.441s] [34mcolcon.colcon_core.package_identification[0m [1;30mLevel 1[0m _identify(.) by extension 'ros'
[7.522s] [34mcolcon.colcon_core.package_identification[0m [1;30mLevel 1[0m _identify(.) by extensions ['cmake', 'python']
[7.522s] [34mcolcon.colcon_core.package_identification[0m [1;30mLevel 1[0m _identify(.) by extension 'cmake'
[7.522s] [34mcolcon.colcon_core.package_identification[0m [1;30mLevel 1[0m _identify(.) by extension 'python'
[7.522s] [34mcolcon.colcon_core.package_identification[0m [1;30mLevel 1[0m _identify(.) by extensions ['python_setup_py']
[7.522s] [34mcolcon.colcon_core.package_identification[0m [1;30mLevel 1[0m _identify(.) by extension 'python_setup_py'
[7.522s] [34mcolcon.colcon_core.package_identification[0m [1;30mLevel 1[0m _identify(build) by extensions ['ignore', 'ignore_ament_install']
[7.522s] [34mcolcon.colcon_core.package_identification[0m [1;30mLevel 1[0m _identify(build) by extension 'ignore'
[7.522s] [34mcolcon.colcon_core.package_identification[0m [1;30mLevel 1[0m _identify(build) ignored
[7.522s] [34mcolcon.colcon_core.package_identification[0m [1;30mLevel 1[0m _identify(install) by extensions ['ignore', 'ignore_ament_install']
[7.523s] [34mcolcon.colcon_core.package_identification[0m [1;30mLevel 1[0m _identify(install) by extension 'ignore'
[7.523s] [34mcolcon.colcon_core.package_identification[0m [1;30mLevel 1[0m _identify(install) ignored
[7.523s] [34mcolcon.colcon_core.package_identification[0m [1;30mLevel 1[0m _identify(log) by extensions ['ignore', 'ignore_ament_install']
[7.523s] [34mcolcon.colcon_core.package_identification[0m [1;30mLevel 1[0m _identify(log) by extension 'ignore'
[7.523s] [34mcolcon.colcon_core.package_identification[0m [1;30mLevel 1[0m _identify(log) ignored
[7.523s] [34mcolcon.colcon_core.package_identification[0m [1;30mLevel 1[0m _identify(src) by extensions ['ignore', 'ignore_ament_install']
[7.523s] [34mcolcon.colcon_core.package_identification[0m [1;30mLevel 1[0m _identify(src) by extension 'ignore'
[7.523s] [34mcolcon.colcon_core.package_identification[0m [1;30mLevel 1[0m _identify(src) by extension 'ignore_ament_install'
[7.523s] [34mcolcon.colcon_core.package_identification[0m [1;30mLevel 1[0m _identify(src) by extensions ['colcon_pkg']
[7.523s] [34mcolcon.colcon_core.package_identification[0m [1;30mLevel 1[0m _identify(src) by extension 'colcon_pkg'
[7.523s] [34mcolcon.colcon_core.package_identification[0m [1;30mLevel 1[0m _identify(src) by extensions ['colcon_meta']
[7.523s] [34mcolcon.colcon_core.package_identification[0m [1;30mLevel 1[0m _identify(src) by extension 'colcon_meta'
[7.523s] [34mcolcon.colcon_core.package_identification[0m [1;30mLevel 1[0m _identify(src) by extensions ['ros']
[7.523s] [34mcolcon.colcon_core.package_identification[0m [1;30mLevel 1[0m _identify(src) by extension 'ros'
[7.523s] [34mcolcon.colcon_core.package_identification[0m [1;30mLevel 1[0m _identify(src) by extensions ['cmake', 'python']
[7.523s] [34mcolcon.colcon_core.package_identification[0m [1;30mLevel 1[0m _identify(src) by extension 'cmake'
[7.523s] [34mcolcon.colcon_core.package_identification[0m [1;30mLevel 1[0m _identify(src) by extension 'python'
[7.523s] [34mcolcon.colcon_core.package_identification[0m [1;30mLevel 1[0m _identify(src) by extensions ['python_setup_py']
[7.523s] [34mcolcon.colcon_core.package_identification[0m [1;30mLevel 1[0m _identify(src) by extension 'python_setup_py'
[7.533s] [34mcolcon.colcon_core.package_identification[0m [1;30mLevel 1[0m _identify(src/ardurover_hitl) by extensions ['ignore', 'ignore_ament_install']
[7.533s] [34mcolcon.colcon_core.package_identification[0m [1;30mLevel 1[0m _identify(src/ardurover_hitl) by extension 'ignore'
[7.533s] [34mcolcon.colcon_core.package_identification[0m [1;30mLevel 1[0m _identify(src/ardurover_hitl) by extension 'ignore_ament_install'
[7.533s] [34mcolcon.colcon_core.package_identification[0m [1;30mLevel 1[0m _identify(src/ardurover_hitl) by extensions ['colcon_pkg']
[7.533s] [34mcolcon.colcon_core.package_identification[0m [1;30mLevel 1[0m _identify(src/ardurover_hitl) by extension 'colcon_pkg'
[7.533s] [34mcolcon.colcon_core.package_identification[0m [1;30mLevel 1[0m _identify(src/ardurover_hitl) by extensions ['colcon_meta']
[7.534s] [34mcolcon.colcon_core.package_identification[0m [1;30mLevel 1[0m _identify(src/ardurover_hitl) by extension 'colcon_meta'
[7.534s] [34mcolcon.colcon_core.package_identification[0m [1;30mLevel 1[0m _identify(src/ardurover_hitl) by extensions ['ros']
[7.534s] [34mcolcon.colcon_core.package_identification[0m [1;30mLevel 1[0m _identify(src/ardurover_hitl) by extension 'ros'
[7.553s] [34mcolcon.colcon_core.package_identification[0m [1;30mDEBUG[0m [32mPackage 'src/ardurover_hitl' with type 'ros.ament_python' and name 'ardurover_hitl'[0m
[7.553s] [34mcolcon.colcon_core.package_identification[0m [1;30mLevel 1[0m _identify(src/hybrid_navigation) by extensions ['ignore', 'ignore_ament_install']
[7.553s] [34mcolcon.colcon_core.package_identification[0m [1;30mLevel 1[0m _identify(src/hybrid_navigation) by extension 'ignore'
[7.553s] [34mcolcon.colcon_core.package_identification[0m [1;30mLevel 1[0m _identify(src/hybrid_navigation) by extension 'ignore_ament_install'
[7.553s] [34mcolcon.colcon_core.package_identification[0m [1;30mLevel 1[0m _identify(src/hybrid_navigation) by extensions ['colcon_pkg']
[7.553s] [34mcolcon.colcon_core.package_identification[0m [1;30mLevel 1[0m _identify(src/hybrid_navigation) by extension 'colcon_pkg'
[7.553s] [34mcolcon.colcon_core.package_identification[0m [1;30mLevel 1[0m _identify(src/hybrid_navigation) by extensions ['colcon_meta']
[7.553s] [34mcolcon.colcon_core.package_identification[0m [1;30mLevel 1[0m _identify(src/hybrid_navigation) by extension 'colcon_meta'
[7.553s] [34mcolcon.colcon_core.package_identification[0m [1;30mLevel 1[0m _identify(src/hybrid_navigation) by extensions ['ros']
[7.553s] [34mcolcon.colcon_core.package_identification[0m [1;30mLevel 1[0m _identify(src/hybrid_navigation) by extension 'ros'
[7.564s] [34mcolcon.colcon_core.package_identification[0m [1;30mDEBUG[0m [32mPackage 'src/hybrid_navigation' with type 'ros.ament_python' and name 'hybrid_navigation'[0m
[7.564s] [34mcolcon.colcon_core.package_discovery[0m [1;30mLevel 1[0m discover_packages(recursive) using defaults
[7.564s] [34mcolcon.colcon_core.package_discovery[0m [1;30mLevel 1[0m discover_packages(ignore) discover
[7.564s] [34mcolcon.colcon_core.package_discovery[0m [1;30mLevel 1[0m discover_packages(ignore) using defaults
[7.564s] [34mcolcon.colcon_core.package_discovery[0m [1;30mLevel 1[0m discover_packages(path) discover
[7.564s] [34mcolcon.colcon_core.package_discovery[0m [1;30mLevel 1[0m discover_packages(path) using defaults
[7.736s] [34mcolcon.colcon_core.package_discovery[0m [1;30mLevel 1[0m discover_packages(prefix_path) check parameters
[7.736s] [34mcolcon.colcon_core.package_discovery[0m [1;30mLevel 1[0m discover_packages(prefix_path) discover
[7.818s] [34mcolcon.colcon_installed_package_information.package_discovery[0m [1;30mDEBUG[0m [32mFound 4 installed packages in /home/mufsir/gps_nav_ws/install[0m
[7.838s] [34mcolcon.colcon_installed_package_information.package_discovery[0m [1;30mDEBUG[0m [32mFound 382 installed packages in /opt/ros/humble[0m
[7.839s] [34mcolcon.colcon_core.package_discovery[0m [1;30mLevel 1[0m discover_packages(prefix_path) using defaults
[9.929s] [34mcolcon.colcon_core.verb[0m [1;30mLevel 5[0m set package 'ardurover_hitl' build argument 'cmake_args' from command line to 'None'
[9.929s] [34mcolcon.colcon_core.verb[0m [1;30mLevel 5[0m set package 'ardurover_hitl' build argument 'cmake_target' from command line to 'None'
[9.929s] [34mcolcon.colcon_core.verb[0m [1;30mLevel 5[0m set package 'ardurover_hitl' build argument 'cmake_target_skip_unavailable' from command line to 'False'
[9.929s] [34mcolcon.colcon_core.verb[0m [1;30mLevel 5[0m set package 'ardurover_hitl' build argument 'cmake_clean_cache' from command line to 'False'
[9.929s] [34mcolcon.colcon_core.verb[0m [1;30mLevel 5[0m set package 'ardurover_hitl' build argument 'cmake_clean_first' from command line to 'False'
[9.929s] [34mcolcon.colcon_core.verb[0m [1;30mLevel 5[0m set package 'ardurover_hitl' build argument 'cmake_force_configure' from command line to 'False'
[9.929s] [34mcolcon.colcon_core.verb[0m [1;30mLevel 5[0m set package 'ardurover_hitl' build argument 'ament_cmake_args' from command line to 'None'
[9.929s] [34mcolcon.colcon_core.verb[0m [1;30mLevel 5[0m set package 'ardurover_hitl' build argument 'catkin_cmake_args' from command line to 'None'
[9.930s] [34mcolcon.colcon_core.verb[0m [1;30mLevel 5[0m set package 'ardurover_hitl' build argument 'catkin_skip_building_tests' from command line to 'False'
[9.930s] [34mcolcon.colcon_core.verb[0m [1;30mDEBUG[0m [32mBuilding package 'ardurover_hitl' with the following arguments: {'ament_cmake_args': None, 'build_base': '/home/mufsir/Mufsir/IISC/ardurover_ws/build/ardurover_hitl', 'catkin_cmake_args': None, 'catkin_skip_building_tests': False, 'cmake_args': None, 'cmake_clean_cache': False, 'cmake_clean_first': False, 'cmake_force_configure': False, 'cmake_target': None, 'cmake_target_skip_unavailable': False, 'install_base': '/home/mufsir/Mufsir/IISC/ardurover_ws/install/ardurover_hitl', 'merge_install': False, 'path': '/home/mufsir/Mufsir/IISC/ardurover_ws/src/ardurover_hitl', 'symlink_install': False, 'test_result_base': None}[0m
[9.930s] [34mcolcon.colcon_core.verb[0m [1;30mLevel 5[0m set package 'hybrid_navigation' build argument 'cmake_args' from command line to 'None'
[9.930s] [34mcolcon.colcon_core.verb[0m [1;30mLevel 5[0m set package 'hybrid_navigation' build argument 'cmake_target' from command line to 'None'
[9.930s] [34mcolcon.colcon_core.verb[0m [1;30mLevel 5[0m set package 'hybrid_navigation' build argument 'cmake_target_skip_unavailable' from command line to 'False'
[9.930s] [34mcolcon.colcon_core.verb[0m [1;30mLevel 5[0m set package 'hybrid_navigation' build argument 'cmake_clean_cache' from command line to 'False'
[9.930s] [34mcolcon.colcon_core.verb[0m [1;30mLevel 5[0m set package 'hybrid_navigation' build argument 'cmake_clean_first' from command line to 'False'
[9.930s] [34mcolcon.colcon_core.verb[0m [1;30mLevel 5[0m set package 'hybrid_navigation' build argument 'cmake_force_configure' from command line to 'False'
[9.930s] [34mcolcon.colcon_core.verb[0m [1;30mLevel 5[0m set package 'hybrid_navigation' build argument 'ament_cmake_args' from command line to 'None'
[9.930s] [34mcolcon.colcon_core.verb[0m [1;30mLevel 5[0m set package 'hybrid_navigation' build argument 'catkin_cmake_args' from command line to 'None'
[9.930s] [34mcolcon.colcon_core.verb[0m [1;30mLevel 5[0m set package 'hybrid_navigation' build argument 'catkin_skip_building_tests' from command line to 'False'
[9.930s] [34mcolcon.colcon_core.verb[0m [1;30mDEBUG[0m [32mBuilding package 'hybrid_navigation' with the following arguments: {'ament_cmake_args': None, 'build_base': '/home/mufsir/Mufsir/IISC/ardurover_ws/build/hybrid_navigation', 'catkin_cmake_args': None, 'catkin_skip_building_tests': False, 'cmake_args': None, 'cmake_clean_cache': False, 'cmake_clean_first': False, 'cmake_force_configure': False, 'cmake_target': None, 'cmake_target_skip_unavailable': False, 'install_base': '/home/mufsir/Mufsir/IISC/ardurover_ws/install/hybrid_navigation', 'merge_install': False, 'path': '/home/mufsir/Mufsir/IISC/ardurover_ws/src/hybrid_navigation', 'symlink_install': False, 'test_result_base': None}[0m
[9.930s] [34mcolcon.colcon_core.executor[0m [1;30mINFO[0m Executing jobs using 'parallel' executor
[9.931s] [34mcolcon.colcon_parallel_executor.executor.parallel[0m [1;30mDEBUG[0m [32mrun_until_complete[0m
[9.931s] [34mcolcon.colcon_ros.task.ament_python.build[0m [1;30mINFO[0m Building ROS package in '/home/mufsir/Mufsir/IISC/ardurover_ws/src/ardurover_hitl' with build type 'ament_python'
[9.931s] [34mcolcon.colcon_core.shell[0m [1;30mLevel 1[0m create_environment_hook('ardurover_hitl', 'ament_prefix_path')
[9.998s] [34mcolcon.colcon_core.plugin_system[0m [1;30mINFO[0m Skipping extension 'colcon_core.shell.bat': Not used on non-Windows systems
[9.998s] [34mcolcon.colcon_core.shell[0m [1;30mINFO[0m Creating environment hook '/home/mufsir/Mufsir/IISC/ardurover_ws/install/ardurover_hitl/share/ardurover_hitl/hook/ament_prefix_path.ps1'
[10.007s] [34mcolcon.colcon_core.shell[0m [1;30mINFO[0m Creating environment descriptor '/home/mufsir/Mufsir/IISC/ardurover_ws/install/ardurover_hitl/share/ardurover_hitl/hook/ament_prefix_path.dsv'
[10.016s] [34mcolcon.colcon_core.shell[0m [1;30mINFO[0m Creating environment hook '/home/mufsir/Mufsir/IISC/ardurover_ws/install/ardurover_hitl/share/ardurover_hitl/hook/ament_prefix_path.sh'
[10.017s] [34mcolcon.colcon_core.shell[0m [1;30mINFO[0m Skip shell extension 'powershell' for command environment: Not usable outside of PowerShell
[10.017s] [34mcolcon.colcon_core.shell[0m [1;30mDEBUG[0m [32mSkip shell extension 'dsv' for command environment[0m
[10.021s] [34mcolcon.colcon_ros.task.ament_python.build[0m [1;30mINFO[0m Building ROS package in '/home/mufsir/Mufsir/IISC/ardurover_ws/src/hybrid_navigation' with build type 'ament_python'
[10.021s] [34mcolcon.colcon_core.shell[0m [1;30mLevel 1[0m create_environment_hook('hybrid_navigation', 'ament_prefix_path')
[10.021s] [34mcolcon.colcon_core.shell[0m [1;30mINFO[0m Creating environment hook '/home/mufsir/Mufsir/IISC/ardurover_ws/install/hybrid_navigation/share/hybrid_navigation/hook/ament_prefix_path.ps1'
[10.022s] [34mcolcon.colcon_core.shell[0m [1;30mINFO[0m Creating environment descriptor '/home/mufsir/Mufsir/IISC/ardurover_ws/install/hybrid_navigation/share/hybrid_navigation/hook/ament_prefix_path.dsv'
[10.022s] [34mcolcon.colcon_core.shell[0m [1;30mINFO[0m Creating environment hook '/home/mufsir/Mufsir/IISC/ardurover_ws/install/hybrid_navigation/share/hybrid_navigation/hook/ament_prefix_path.sh'
[10.023s] [34mcolcon.colcon_core.shell[0m [1;30mINFO[0m Skip shell extension 'powershell' for command environment: Not usable outside of PowerShell
[10.023s] [34mcolcon.colcon_core.shell[0m [1;30mDEBUG[0m [32mSkip shell extension 'dsv' for command environment[0m
[10.443s] [34mcolcon.colcon_core.task.python.build[0m [1;30mINFO[0m Building Python package in '/home/mufsir/Mufsir/IISC/ardurover_ws/src/ardurover_hitl'
[10.443s] [34mcolcon.colcon_core.shell[0m [1;30mINFO[0m Skip shell extension 'powershell' for command environment: Not usable outside of PowerShell
[10.443s] [34mcolcon.colcon_core.shell[0m [1;30mDEBUG[0m [32mSkip shell extension 'dsv' for command environment[0m
[10.819s] [34mcolcon.colcon_core.task.python.build[0m [1;30mINFO[0m Building Python package in '/home/mufsir/Mufsir/IISC/ardurover_ws/src/hybrid_navigation'
[10.819s] [34mcolcon.colcon_core.shell[0m [1;30mINFO[0m Skip shell extension 'powershell' for command environment: Not usable outside of PowerShell
[10.819s] [34mcolcon.colcon_core.shell[0m [1;30mDEBUG[0m [32mSkip shell extension 'dsv' for command environment[0m
[12.066s] [34mcolcon.colcon_core.event_handler.log_command[0m [1;30mDEBUG[0m [32mInvoking command in '/home/mufsir/Mufsir/IISC/ardurover_ws/src/hybrid_navigation': PYTHONPATH=/home/mufsir/Mufsir/IISC/ardurover_ws/build/hybrid_navigation/prefix_override:/usr/lib/python3/dist-packages/colcon_core/task/python/colcon_distutils_commands:/home/mufsir/Mufsir/IISC/ardurover_ws/install/hybrid_navigation/lib/python3.10/site-packages:${PYTHONPATH} /usr/bin/python3 -W ignore:setup.py install is deprecated -W ignore:easy_install command is deprecated setup.py egg_info --egg-base ../../build/hybrid_navigation build --build-base /home/mufsir/Mufsir/IISC/ardurover_ws/build/hybrid_navigation/build install --record /home/mufsir/Mufsir/IISC/ardurover_ws/build/hybrid_navigation/install.log --single-version-externally-managed install_data[0m
[12.093s] [34mcolcon.colcon_core.event_handler.log_command[0m [1;30mDEBUG[0m [32mInvoking command in '/home/mufsir/Mufsir/IISC/ardurover_ws/src/ardurover_hitl': PYTHONPATH=/home/mufsir/Mufsir/IISC/ardurover_ws/build/ardurover_hitl/prefix_override:/usr/lib/python3/dist-packages/colcon_core/task/python/colcon_distutils_commands:/home/mufsir/Mufsir/IISC/ardurover_ws/install/ardurover_hitl/lib/python3.10/site-packages:${PYTHONPATH} /usr/bin/python3 -W ignore:setup.py install is deprecated -W ignore:easy_install command is deprecated setup.py egg_info --egg-base ../../build/ardurover_hitl build --build-base /home/mufsir/Mufsir/IISC/ardurover_ws/build/ardurover_hitl/build install --record /home/mufsir/Mufsir/IISC/ardurover_ws/build/ardurover_hitl/install.log --single-version-externally-managed install_data[0m
[12.628s] [34mcolcon.colcon_core.event_handler.log_command[0m [1;30mDEBUG[0m [32mInvoked command in '/home/mufsir/Mufsir/IISC/ardurover_ws/src/ardurover_hitl' returned '0': PYTHONPATH=/home/mufsir/Mufsir/IISC/ardurover_ws/build/ardurover_hitl/prefix_override:/usr/lib/python3/dist-packages/colcon_core/task/python/colcon_distutils_commands:/home/mufsir/Mufsir/IISC/ardurover_ws/install/ardurover_hitl/lib/python3.10/site-packages:${PYTHONPATH} /usr/bin/python3 -W ignore:setup.py install is deprecated -W ignore:easy_install command is deprecated setup.py egg_info --egg-base ../../build/ardurover_hitl build --build-base /home/mufsir/Mufsir/IISC/ardurover_ws/build/ardurover_hitl/build install --record /home/mufsir/Mufsir/IISC/ardurover_ws/build/ardurover_hitl/install.log --single-version-externally-managed install_data[0m
[12.673s] [34mcolcon.colcon_core.environment[0m [1;30mLevel 1[0m checking '/home/mufsir/Mufsir/IISC/ardurover_ws/install/ardurover_hitl' for CMake module files
[12.674s] [34mcolcon.colcon_core.environment[0m [1;30mLevel 1[0m checking '/home/mufsir/Mufsir/IISC/ardurover_ws/install/ardurover_hitl' for CMake config files
[12.691s] [34mcolcon.colcon_core.environment[0m [1;30mLevel 1[0m checking '/home/mufsir/Mufsir/IISC/ardurover_ws/install/ardurover_hitl/lib'
[12.691s] [34mcolcon.colcon_core.environment[0m [1;30mLevel 1[0m checking '/home/mufsir/Mufsir/IISC/ardurover_ws/install/ardurover_hitl/bin'
[12.692s] [34mcolcon.colcon_core.environment[0m [1;30mLevel 1[0m checking '/home/mufsir/Mufsir/IISC/ardurover_ws/install/ardurover_hitl/lib/pkgconfig/ardurover_hitl.pc'
[12.692s] [34mcolcon.colcon_core.environment[0m [1;30mLevel 1[0m checking '/home/mufsir/Mufsir/IISC/ardurover_ws/install/ardurover_hitl/lib/python3.10/site-packages'
[12.692s] [34mcolcon.colcon_core.shell[0m [1;30mLevel 1[0m create_environment_hook('ardurover_hitl', 'pythonpath')
[12.692s] [34mcolcon.colcon_core.shell[0m [1;30mINFO[0m Creating environment hook '/home/mufsir/Mufsir/IISC/ardurover_ws/install/ardurover_hitl/share/ardurover_hitl/hook/pythonpath.ps1'
[12.692s] [34mcolcon.colcon_core.shell[0m [1;30mINFO[0m Creating environment descriptor '/home/mufsir/Mufsir/IISC/ardurover_ws/install/ardurover_hitl/share/ardurover_hitl/hook/pythonpath.dsv'
[12.693s] [34mcolcon.colcon_core.shell[0m [1;30mINFO[0m Creating environment hook '/home/mufsir/Mufsir/IISC/ardurover_ws/install/ardurover_hitl/share/ardurover_hitl/hook/pythonpath.sh'
[12.693s] [34mcolcon.colcon_core.environment[0m [1;30mLevel 1[0m checking '/home/mufsir/Mufsir/IISC/ardurover_ws/install/ardurover_hitl/bin'
[12.693s] [34mcolcon.colcon_core.environment[0m [1;30mLevel 1[0m create_environment_scripts_only(ardurover_hitl)
[12.694s] [34mcolcon.colcon_core.shell[0m [1;30mINFO[0m Creating package script '/home/mufsir/Mufsir/IISC/ardurover_ws/install/ardurover_hitl/share/ardurover_hitl/package.ps1'
[12.708s] [34mcolcon.colcon_core.shell[0m [1;30mINFO[0m Creating package descriptor '/home/mufsir/Mufsir/IISC/ardurover_ws/install/ardurover_hitl/share/ardurover_hitl/package.dsv'
[12.716s] [34mcolcon.colcon_core.shell[0m [1;30mINFO[0m Creating package script '/home/mufsir/Mufsir/IISC/ardurover_ws/install/ardurover_hitl/share/ardurover_hitl/package.sh'
[12.717s] [34mcolcon.colcon_core.shell[0m [1;30mINFO[0m Creating package script '/home/mufsir/Mufsir/IISC/ardurover_ws/install/ardurover_hitl/share/ardurover_hitl/package.bash'
[12.729s] [34mcolcon.colcon_core.shell[0m [1;30mINFO[0m Creating package script '/home/mufsir/Mufsir/IISC/ardurover_ws/install/ardurover_hitl/share/ardurover_hitl/package.zsh'
[12.748s] [34mcolcon.colcon_core.environment[0m [1;30mLevel 1[0m create_file_with_runtime_dependencies(/home/mufsir/Mufsir/IISC/ardurover_ws/install/ardurover_hitl/share/colcon-core/packages/ardurover_hitl)
[12.749s] [34mcolcon.colcon_core.environment[0m [1;30mLevel 1[0m checking '/home/mufsir/Mufsir/IISC/ardurover_ws/install/hybrid_navigation' for CMake module files
[12.750s] [34mcolcon.colcon_core.event_handler.log_command[0m [1;30mDEBUG[0m [32mInvoked command in '/home/mufsir/Mufsir/IISC/ardurover_ws/src/hybrid_navigation' returned '0': PYTHONPATH=/home/mufsir/Mufsir/IISC/ardurover_ws/build/hybrid_navigation/prefix_override:/usr/lib/python3/dist-packages/colcon_core/task/python/colcon_distutils_commands:/home/mufsir/Mufsir/IISC/ardurover_ws/install/hybrid_navigation/lib/python3.10/site-packages:${PYTHONPATH} /usr/bin/python3 -W ignore:setup.py install is deprecated -W ignore:easy_install command is deprecated setup.py egg_info --egg-base ../../build/hybrid_navigation build --build-base /home/mufsir/Mufsir/IISC/ardurover_ws/build/hybrid_navigation/build install --record /home/mufsir/Mufsir/IISC/ardurover_ws/build/hybrid_navigation/install.log --single-version-externally-managed install_data[0m
[12.750s] [34mcolcon.colcon_core.environment[0m [1;30mLevel 1[0m checking '/home/mufsir/Mufsir/IISC/ardurover_ws/install/hybrid_navigation' for CMake config files
[12.770s] [34mcolcon.colcon_core.environment[0m [1;30mLevel 1[0m checking '/home/mufsir/Mufsir/IISC/ardurover_ws/install/hybrid_navigation/lib'
[12.770s] [34mcolcon.colcon_core.environment[0m [1;30mLevel 1[0m checking '/home/mufsir/Mufsir/IISC/ardurover_ws/install/hybrid_navigation/bin'
[12.770s] [34mcolcon.colcon_core.environment[0m [1;30mLevel 1[0m checking '/home/mufsir/Mufsir/IISC/ardurover_ws/install/hybrid_navigation/lib/pkgconfig/hybrid_navigation.pc'
[12.771s] [34mcolcon.colcon_core.environment[0m [1;30mLevel 1[0m checking '/home/mufsir/Mufsir/IISC/ardurover_ws/install/hybrid_navigation/lib/python3.10/site-packages'
[12.771s] [34mcolcon.colcon_core.shell[0m [1;30mLevel 1[0m create_environment_hook('hybrid_navigation', 'pythonpath')
[12.771s] [34mcolcon.colcon_core.shell[0m [1;30mINFO[0m Creating environment hook '/home/mufsir/Mufsir/IISC/ardurover_ws/install/hybrid_navigation/share/hybrid_navigation/hook/pythonpath.ps1'
[12.771s] [34mcolcon.colcon_core.shell[0m [1;30mINFO[0m Creating environment descriptor '/home/mufsir/Mufsir/IISC/ardurover_ws/install/hybrid_navigation/share/hybrid_navigation/hook/pythonpath.dsv'
[12.772s] [34mcolcon.colcon_core.shell[0m [1;30mINFO[0m Creating environment hook '/home/mufsir/Mufsir/IISC/ardurover_ws/install/hybrid_navigation/share/hybrid_navigation/hook/pythonpath.sh'
[12.772s] [34mcolcon.colcon_core.environment[0m [1;30mLevel 1[0m checking '/home/mufsir/Mufsir/IISC/ardurover_ws/install/hybrid_navigation/bin'
[12.772s] [34mcolcon.colcon_core.environment[0m [1;30mLevel 1[0m create_environment_scripts_only(hybrid_navigation)
[12.772s] [34mcolcon.colcon_core.shell[0m [1;30mINFO[0m Creating package script '/home/mufsir/Mufsir/IISC/ardurover_ws/install/hybrid_navigation/share/hybrid_navigation/package.ps1'
[12.773s] [34mcolcon.colcon_core.shell[0m [1;30mINFO[0m Creating package descriptor '/home/mufsir/Mufsir/IISC/ardurover_ws/install/hybrid_navigation/share/hybrid_navigation/package.dsv'
[12.773s] [34mcolcon.colcon_core.shell[0m [1;30mINFO[0m Creating package script '/home/mufsir/Mufsir/IISC/ardurover_ws/install/hybrid_navigation/share/hybrid_navigation/package.sh'
[12.774s] [34mcolcon.colcon_core.shell[0m [1;30mINFO[0m Creating package script '/home/mufsir/Mufsir/IISC/ardurover_ws/install/hybrid_navigation/share/hybrid_navigation/package.bash'
[12.774s] [34mcolcon.colcon_core.shell[0m [1;30mINFO[0m Creating package script '/home/mufsir/Mufsir/IISC/ardurover_ws/install/hybrid_navigation/share/hybrid_navigation/package.zsh'
[12.774s] [34mcolcon.colcon_core.environment[0m [1;30mLevel 1[0m create_file_with_runtime_dependencies(/home/mufsir/Mufsir/IISC/ardurover_ws/install/hybrid_navigation/share/colcon-core/packages/hybrid_navigation)
[12.775s] [34mcolcon.colcon_parallel_executor.executor.parallel[0m [1;30mDEBUG[0m [32mclosing loop[0m
[12.775s] [34mcolcon.colcon_parallel_executor.executor.parallel[0m [1;30mDEBUG[0m [32mloop closed[0m
[12.775s] [34mcolcon.colcon_parallel_executor.executor.parallel[0m [1;30mDEBUG[0m [32mrun_until_complete finished with '0'[0m
[12.775s] [34mcolcon.colcon_core.event_reactor[0m [1;30mDEBUG[0m [32mjoining thread[0m
[12.798s] [34mcolcon.colcon_core.plugin_system[0m [1;30mINFO[0m Skipping extension 'colcon_notification.desktop_notification.terminal_notifier': Not used on non-Darwin systems
[12.798s] [34mcolcon.colcon_core.plugin_system[0m [1;30mINFO[0m Skipping extension 'colcon_notification.desktop_notification.win32': Not used on non-Windows systems
[12.798s] [34mcolcon.colcon_notification.desktop_notification[0m [1;30mINFO[0m Sending desktop notification using 'notify2'
[12.809s] [34mcolcon.colcon_core.event_reactor[0m [1;30mDEBUG[0m [32mjoined thread[0m
[12.810s] [34mcolcon.colcon_core.shell[0m [1;30mINFO[0m Creating prefix script '/home/mufsir/Mufsir/IISC/ardurover_ws/install/local_setup.ps1'
[12.811s] [34mcolcon.colcon_core.shell[0m [1;30mINFO[0m Creating prefix util module '/home/mufsir/Mufsir/IISC/ardurover_ws/install/_local_setup_util_ps1.py'
[12.812s] [34mcolcon.colcon_core.shell[0m [1;30mINFO[0m Creating prefix chain script '/home/mufsir/Mufsir/IISC/ardurover_ws/install/setup.ps1'
[12.813s] [34mcolcon.colcon_core.shell[0m [1;30mINFO[0m Creating prefix script '/home/mufsir/Mufsir/IISC/ardurover_ws/install/local_setup.sh'
[12.814s] [34mcolcon.colcon_core.shell[0m [1;30mINFO[0m Creating prefix util module '/home/mufsir/Mufsir/IISC/ardurover_ws/install/_local_setup_util_sh.py'
[12.814s] [34mcolcon.colcon_core.shell[0m [1;30mINFO[0m Creating prefix chain script '/home/mufsir/Mufsir/IISC/ardurover_ws/install/setup.sh'
[12.816s] [34mcolcon.colcon_core.shell[0m [1;30mINFO[0m Creating prefix script '/home/mufsir/Mufsir/IISC/ardurover_ws/install/local_setup.bash'
[12.816s] [34mcolcon.colcon_core.shell[0m [1;30mINFO[0m Creating prefix chain script '/home/mufsir/Mufsir/IISC/ardurover_ws/install/setup.bash'
[12.817s] [34mcolcon.colcon_core.shell[0m [1;30mINFO[0m Creating prefix script '/home/mufsir/Mufsir/IISC/ardurover_ws/install/local_setup.zsh'
[12.818s] [34mcolcon.colcon_core.shell[0m [1;30mINFO[0m Creating prefix chain script '/home/mufsir/Mufsir/IISC/ardurover_ws/install/setup.zsh'
