running egg_info
writing ../../build/hybrid_navigation/hybrid_navigation.egg-info/PKG-INFO
writing dependency_links to ../../build/hybrid_navigation/hybrid_navigation.egg-info/dependency_links.txt
writing entry points to ../../build/hybrid_navigation/hybrid_navigation.egg-info/entry_points.txt
writing requirements to ../../build/hybrid_navigation/hybrid_navigation.egg-info/requires.txt
writing top-level names to ../../build/hybrid_navigation/hybrid_navigation.egg-info/top_level.txt
reading manifest file '../../build/hybrid_navigation/hybrid_navigation.egg-info/SOURCES.txt'
writing manifest file '../../build/hybrid_navigation/hybrid_navigation.egg-info/SOURCES.txt'
running build
running build_py
copying hybrid_navigation/hybrid_executive.py -> /home/mufsir/Mufsir/IISC/ardurover_ws/build/hybrid_navigation/build/lib/hybrid_navigation
running install
running install_lib
copying /home/mufsir/Mufsir/IISC/ardurover_ws/build/hybrid_navigation/build/lib/hybrid_navigation/hybrid_executive.py -> /home/mufsir/Mufsir/IISC/ardurover_ws/install/hybrid_navigation/lib/python3.10/site-packages/hybrid_navigation
byte-compiling /home/mufsir/Mufsir/IISC/ardurover_ws/install/hybrid_navigation/lib/python3.10/site-packages/hybrid_navigation/hybrid_executive.py to hybrid_executive.cpython-310.pyc
running install_data
running install_egg_info
removing '/home/mufsir/Mufsir/IISC/ardurover_ws/install/hybrid_navigation/lib/python3.10/site-packages/hybrid_navigation-0.0.0-py3.10.egg-info' (and everything under it)
Copying ../../build/hybrid_navigation/hybrid_navigation.egg-info to /home/mufsir/Mufsir/IISC/ardurover_ws/install/hybrid_navigation/lib/python3.10/site-packages/hybrid_navigation-0.0.0-py3.10.egg-info
running install_scripts
writing list of installed files to '/home/mufsir/Mufsir/IISC/ardurover_ws/build/hybrid_navigation/install.log'
