running egg_info
creating ../../build/hybrid_navigation/hybrid_navigation.egg-info
writing ../../build/hybrid_navigation/hybrid_navigation.egg-info/PKG-INFO
writing dependency_links to ../../build/hybrid_navigation/hybrid_navigation.egg-info/dependency_links.txt
writing entry points to ../../build/hybrid_navigation/hybrid_navigation.egg-info/entry_points.txt
writing requirements to ../../build/hybrid_navigation/hybrid_navigation.egg-info/requires.txt
writing top-level names to ../../build/hybrid_navigation/hybrid_navigation.egg-info/top_level.txt
writing manifest file '../../build/hybrid_navigation/hybrid_navigation.egg-info/SOURCES.txt'
reading manifest file '../../build/hybrid_navigation/hybrid_navigation.egg-info/SOURCES.txt'
writing manifest file '../../build/hybrid_navigation/hybrid_navigation.egg-info/SOURCES.txt'
running build
running build_py
creating /home/mufsir/Mufsir/IISC/ardurover_ws/build/hybrid_navigation/build
creating /home/mufsir/Mufsir/IISC/ardurover_ws/build/hybrid_navigation/build/lib
creating /home/mufsir/Mufsir/IISC/ardurover_ws/build/hybrid_navigation/build/lib/hybrid_navigation
copying hybrid_navigation/__init__.py -> /home/mufsir/Mufsir/IISC/ardurover_ws/build/hybrid_navigation/build/lib/hybrid_navigation
running install
running install_lib
creating /home/mufsir/Mufsir/IISC/ardurover_ws/install/hybrid_navigation/lib/python3.10/site-packages/hybrid_navigation
copying /home/mufsir/Mufsir/IISC/ardurover_ws/build/hybrid_navigation/build/lib/hybrid_navigation/__init__.py -> /home/mufsir/Mufsir/IISC/ardurover_ws/install/hybrid_navigation/lib/python3.10/site-packages/hybrid_navigation
byte-compiling /home/mufsir/Mufsir/IISC/ardurover_ws/install/hybrid_navigation/lib/python3.10/site-packages/hybrid_navigation/__init__.py to __init__.cpython-310.pyc
running install_data
creating /home/mufsir/Mufsir/IISC/ardurover_ws/install/hybrid_navigation/share/ament_index
creating /home/mufsir/Mufsir/IISC/ardurover_ws/install/hybrid_navigation/share/ament_index/resource_index
creating /home/mufsir/Mufsir/IISC/ardurover_ws/install/hybrid_navigation/share/ament_index/resource_index/packages
copying resource/hybrid_navigation -> /home/mufsir/Mufsir/IISC/ardurover_ws/install/hybrid_navigation/share/ament_index/resource_index/packages
copying package.xml -> /home/mufsir/Mufsir/IISC/ardurover_ws/install/hybrid_navigation/share/hybrid_navigation
running install_egg_info
Copying ../../build/hybrid_navigation/hybrid_navigation.egg-info to /home/mufsir/Mufsir/IISC/ardurover_ws/install/hybrid_navigation/lib/python3.10/site-packages/hybrid_navigation-0.0.0-py3.10.egg-info
running install_scripts
writing list of installed files to '/home/mufsir/Mufsir/IISC/ardurover_ws/build/hybrid_navigation/install.log'
