[2.001s] Invoking command in '/home/mufsir/Mufsir/IISC/ardurover_ws/src/ardurover_hitl': PYTHONPATH=/home/mufsir/Mufsir/IISC/ardurover_ws/build/ardurover_hitl/prefix_override:/usr/lib/python3/dist-packages/colcon_core/task/python/colcon_distutils_commands:/home/mufsir/Mufsir/IISC/ardurover_ws/install/ardurover_hitl/lib/python3.10/site-packages:${PYTHONPATH} /usr/bin/python3 -W ignore:setup.py install is deprecated -W ignore:easy_install command is deprecated setup.py egg_info --egg-base ../../build/ardurover_hitl build --build-base /home/mufsir/Mufsir/IISC/ardurover_ws/build/ardurover_hitl/build install --record /home/mufsir/Mufsir/IISC/ardurover_ws/build/ardurover_hitl/install.log --single-version-externally-managed install_data
[2.349s] running egg_info
[2.350s] creating ../../build/ardurover_hitl/ardurover_hitl.egg-info
[2.350s] writing ../../build/ardurover_hitl/ardurover_hitl.egg-info/PKG-INFO
[2.350s] writing dependency_links to ../../build/ardurover_hitl/ardurover_hitl.egg-info/dependency_links.txt
[2.350s] writing entry points to ../../build/ardurover_hitl/ardurover_hitl.egg-info/entry_points.txt
[2.351s] writing requirements to ../../build/ardurover_hitl/ardurover_hitl.egg-info/requires.txt
[2.351s] writing top-level names to ../../build/ardurover_hitl/ardurover_hitl.egg-info/top_level.txt
[2.351s] writing manifest file '../../build/ardurover_hitl/ardurover_hitl.egg-info/SOURCES.txt'
[2.352s] reading manifest file '../../build/ardurover_hitl/ardurover_hitl.egg-info/SOURCES.txt'
[2.353s] writing manifest file '../../build/ardurover_hitl/ardurover_hitl.egg-info/SOURCES.txt'
[2.353s] running build
[2.353s] running build_py
[2.353s] creating /home/mufsir/Mufsir/IISC/ardurover_ws/build/ardurover_hitl/build
[2.354s] creating /home/mufsir/Mufsir/IISC/ardurover_ws/build/ardurover_hitl/build/lib
[2.354s] creating /home/mufsir/Mufsir/IISC/ardurover_ws/build/ardurover_hitl/build/lib/ardurover_hitl
[2.354s] copying ardurover_hitl/__init__.py -> /home/mufsir/Mufsir/IISC/ardurover_ws/build/ardurover_hitl/build/lib/ardurover_hitl
[2.354s] running install
[2.354s] running install_lib
[2.354s] creating /home/mufsir/Mufsir/IISC/ardurover_ws/install/ardurover_hitl/lib/python3.10/site-packages/ardurover_hitl
[2.354s] copying /home/mufsir/Mufsir/IISC/ardurover_ws/build/ardurover_hitl/build/lib/ardurover_hitl/__init__.py -> /home/mufsir/Mufsir/IISC/ardurover_ws/install/ardurover_hitl/lib/python3.10/site-packages/ardurover_hitl
[2.355s] byte-compiling /home/mufsir/Mufsir/IISC/ardurover_ws/install/ardurover_hitl/lib/python3.10/site-packages/ardurover_hitl/__init__.py to __init__.cpython-310.pyc
[2.355s] running install_data
[2.355s] creating /home/mufsir/Mufsir/IISC/ardurover_ws/install/ardurover_hitl/share/ament_index
[2.355s] creating /home/mufsir/Mufsir/IISC/ardurover_ws/install/ardurover_hitl/share/ament_index/resource_index
[2.355s] creating /home/mufsir/Mufsir/IISC/ardurover_ws/install/ardurover_hitl/share/ament_index/resource_index/packages
[2.355s] copying resource/ardurover_hitl -> /home/mufsir/Mufsir/IISC/ardurover_ws/install/ardurover_hitl/share/ament_index/resource_index/packages
[2.356s] copying package.xml -> /home/mufsir/Mufsir/IISC/ardurover_ws/install/ardurover_hitl/share/ardurover_hitl
[2.356s] running install_egg_info
[2.357s] Copying ../../build/ardurover_hitl/ardurover_hitl.egg-info to /home/mufsir/Mufsir/IISC/ardurover_ws/install/ardurover_hitl/lib/python3.10/site-packages/ardurover_hitl-0.0.0-py3.10.egg-info
[2.358s] running install_scripts
[2.377s] writing list of installed files to '/home/mufsir/Mufsir/IISC/ardurover_ws/build/ardurover_hitl/install.log'
[2.406s] Invoked command in '/home/mufsir/Mufsir/IISC/ardurover_ws/src/ardurover_hitl' returned '0': PYTHONPATH=/home/mufsir/Mufsir/IISC/ardurover_ws/build/ardurover_hitl/prefix_override:/usr/lib/python3/dist-packages/colcon_core/task/python/colcon_distutils_commands:/home/mufsir/Mufsir/IISC/ardurover_ws/install/ardurover_hitl/lib/python3.10/site-packages:${PYTHONPATH} /usr/bin/python3 -W ignore:setup.py install is deprecated -W ignore:easy_install command is deprecated setup.py egg_info --egg-base ../../build/ardurover_hitl build --build-base /home/mufsir/Mufsir/IISC/ardurover_ws/build/ardurover_hitl/build install --record /home/mufsir/Mufsir/IISC/ardurover_ws/build/ardurover_hitl/install.log --single-version-externally-managed install_data
